Archive member included because of file (symbol)

/Users/alexanderryan/Programming/SmartMouse/MapleCode/arm/bin/../lib/gcc/arm-none-eabi/4.4.1/thumb2/libgcc.a(_arm_addsubdf3.o)
                              build/../../libmaple/wirish/Print.o (__aeabi_dsub)
/Users/alexanderryan/Programming/SmartMouse/MapleCode/arm/bin/../lib/gcc/arm-none-eabi/4.4.1/thumb2/libgcc.a(_arm_muldivdf3.o)
                              build/../../libmaple/wirish/Print.o (__aeabi_dmul)
/Users/alexanderryan/Programming/SmartMouse/MapleCode/arm/bin/../lib/gcc/arm-none-eabi/4.4.1/thumb2/libgcc.a(_arm_cmpdf2.o)
                              build/../../libmaple/wirish/Print.o (__aeabi_dcmplt)
/Users/alexanderryan/Programming/SmartMouse/MapleCode/arm/bin/../lib/gcc/arm-none-eabi/4.4.1/thumb2/libgcc.a(_arm_fixdfsi.o)
                              build/../../libmaple/wirish/Print.o (__aeabi_d2iz)
/Users/alexanderryan/Programming/SmartMouse/MapleCode/arm/bin/../lib/gcc/arm-none-eabi/4.4.1/thumb2/libgcc.a(_aeabi_uldivmod.o)
                              build/../../libmaple/wirish/Print.o (__aeabi_uldivmod)
/Users/alexanderryan/Programming/SmartMouse/MapleCode/arm/bin/../lib/gcc/arm-none-eabi/4.4.1/thumb2/libgcc.a(_fixdfdi.o)
                              build/../../libmaple/wirish/Print.o (__aeabi_d2lz)
/Users/alexanderryan/Programming/SmartMouse/MapleCode/arm/bin/../lib/gcc/arm-none-eabi/4.4.1/thumb2/libgcc.a(_fixunsdfdi.o)
                              /Users/alexanderryan/Programming/SmartMouse/MapleCode/arm/bin/../lib/gcc/arm-none-eabi/4.4.1/thumb2/libgcc.a(_fixdfdi.o) (__aeabi_d2ulz)
/Users/alexanderryan/Programming/SmartMouse/MapleCode/arm/bin/../lib/gcc/arm-none-eabi/4.4.1/thumb2/libgcc.a(bpabi.o)
                              /Users/alexanderryan/Programming/SmartMouse/MapleCode/arm/bin/../lib/gcc/arm-none-eabi/4.4.1/thumb2/libgcc.a(_aeabi_uldivmod.o) (__gnu_uldivmod_helper)
/Users/alexanderryan/Programming/SmartMouse/MapleCode/arm/bin/../lib/gcc/arm-none-eabi/4.4.1/thumb2/libgcc.a(_dvmd_tls.o)
                              /Users/alexanderryan/Programming/SmartMouse/MapleCode/arm/bin/../lib/gcc/arm-none-eabi/4.4.1/thumb2/libgcc.a(_aeabi_uldivmod.o) (__aeabi_ldiv0)
/Users/alexanderryan/Programming/SmartMouse/MapleCode/arm/bin/../lib/gcc/arm-none-eabi/4.4.1/thumb2/libgcc.a(_arm_fixunsdfsi.o)
                              /Users/alexanderryan/Programming/SmartMouse/MapleCode/arm/bin/../lib/gcc/arm-none-eabi/4.4.1/thumb2/libgcc.a(_fixunsdfdi.o) (__aeabi_d2uiz)
/Users/alexanderryan/Programming/SmartMouse/MapleCode/arm/bin/../lib/gcc/arm-none-eabi/4.4.1/thumb2/libgcc.a(_divdi3.o)
                              /Users/alexanderryan/Programming/SmartMouse/MapleCode/arm/bin/../lib/gcc/arm-none-eabi/4.4.1/thumb2/libgcc.a(bpabi.o) (__divdi3)
/Users/alexanderryan/Programming/SmartMouse/MapleCode/arm/bin/../lib/gcc/arm-none-eabi/4.4.1/thumb2/libgcc.a(_udivdi3.o)
                              /Users/alexanderryan/Programming/SmartMouse/MapleCode/arm/bin/../lib/gcc/arm-none-eabi/4.4.1/thumb2/libgcc.a(bpabi.o) (__udivdi3)
/Users/alexanderryan/Programming/SmartMouse/MapleCode/arm/bin/../lib/gcc/arm-none-eabi/4.4.1/thumb2/libgcc.a(_udivsi3.o)
                              /Users/alexanderryan/Programming/SmartMouse/MapleCode/arm/bin/../lib/gcc/arm-none-eabi/4.4.1/thumb2/libgcc.a(_divdi3.o) (__aeabi_uidiv)
/Users/alexanderryan/Programming/SmartMouse/MapleCode/arm/bin/../lib/gcc/arm-none-eabi/4.4.1/../../../../arm-none-eabi/lib/thumb2/libc.a(lib_a-errno.o)
                              build/../../libmaple/libmaple/syscalls.o (__errno)
/Users/alexanderryan/Programming/SmartMouse/MapleCode/arm/bin/../lib/gcc/arm-none-eabi/4.4.1/../../../../arm-none-eabi/lib/thumb2/libc.a(lib_a-impure.o)
                              /Users/alexanderryan/Programming/SmartMouse/MapleCode/arm/bin/../lib/gcc/arm-none-eabi/4.4.1/../../../../arm-none-eabi/lib/thumb2/libc.a(lib_a-errno.o) (_impure_ptr)
/Users/alexanderryan/Programming/SmartMouse/MapleCode/arm/bin/../lib/gcc/arm-none-eabi/4.4.1/../../../../arm-none-eabi/lib/thumb2/libc.a(lib_a-memcmp.o)
                              build/../../libmaple/libraries/FreeRTOS/utility/tasks.o (memcmp)
/Users/alexanderryan/Programming/SmartMouse/MapleCode/arm/bin/../lib/gcc/arm-none-eabi/4.4.1/../../../../arm-none-eabi/lib/thumb2/libc.a(lib_a-memcpy.o)
                              build/../../libmaple/libraries/FreeRTOS/utility/queue.o (memcpy)
/Users/alexanderryan/Programming/SmartMouse/MapleCode/arm/bin/../lib/gcc/arm-none-eabi/4.4.1/../../../../arm-none-eabi/lib/thumb2/libc.a(lib_a-memset.o)
                              build/../../libmaple/libraries/FreeRTOS/utility/tasks.o (memset)
/Users/alexanderryan/Programming/SmartMouse/MapleCode/arm/bin/../lib/gcc/arm-none-eabi/4.4.1/../../../../arm-none-eabi/lib/thumb2/libc.a(lib_a-rand.o)
                              build/../../libmaple/wirish/wirish_math.o (rand)
[...]
Memory Configuration

Name             Origin             Length             Attributes
ram              0x20000c00         0x0000f400         xrw
rom              0x08005000         0x0007b000         xr
*default*        0x00000000         0xffffffff

Linker script and memory map

LOAD /Users/alexanderryan/Programming/SmartMouse/MapleCode/arm/bin/../lib/gcc/arm-none-eabi/4.4.1/thumb2/crti.o
LOAD /Users/alexanderryan/Programming/SmartMouse/MapleCode/arm/bin/../lib/gcc/arm-none-eabi/4.4.1/thumb2/crtbegin.o
LOAD build/../../libmaple/libmaple/adc.o
LOAD build/../../libmaple/libmaple/bkp.o
LOAD build/../../libmaple/libmaple/dac.o
LOAD build/../../libmaple/libmaple/dma.o
LOAD build/../../libmaple/libmaple/exti.o
LOAD build/../../libmaple/libmaple/flash.o
LOAD build/../../libmaple/libmaple/fsmc.o
LOAD build/../../libmaple/libmaple/gpio.o
LOAD build/../../libmaple/libmaple/iwdg.o
LOAD build/../../libmaple/libmaple/nvic.o
LOAD build/../../libmaple/libmaple/pwr.o
LOAD build/../../libmaple/libmaple/i2c.o
LOAD build/../../libmaple/libmaple/rcc.o
LOAD build/../../libmaple/libmaple/spi.o
LOAD build/../../libmaple/libmaple/syscalls.o
LOAD build/../../libmaple/libmaple/systick.o
LOAD build/../../libmaple/libmaple/timer.o
LOAD build/../../libmaple/libmaple/usart.o
LOAD build/../../libmaple/libmaple/util.o
LOAD build/../../libmaple/libmaple/usb/usb.o
LOAD build/../../libmaple/libmaple/usb/usb_reg_map.o
LOAD build/../../libmaple/libmaple/usb/usb_cdcacm.o
LOAD build/../../libmaple/libmaple/usb/usb_lib/usb_core.o
LOAD build/../../libmaple/libmaple/usb/usb_lib/usb_init.o
LOAD build/../../libmaple/libmaple/usb/usb_lib/usb_mem.o
LOAD build/../../libmaple/libmaple/usb/usb_lib/usb_regs.o
LOAD build/../../libmaple/libmaple/exc.o
LOAD build/../../libmaple/wirish/wirish_math.o
LOAD build/../../libmaple/wirish/Print.o
LOAD build/../../libmaple/wirish/boards.o
LOAD build/../../libmaple/wirish/boards/maple.o
LOAD build/../../libmaple/wirish/boards/maple_mini.o
LOAD build/../../libmaple/wirish/boards/maple_native.o
LOAD build/../../libmaple/wirish/boards/maple_RET6.o
LOAD build/../../libmaple/wirish/boards/olimex_stm32_h103.o
LOAD build/../../libmaple/wirish/comm/HardwareSerial.o
LOAD build/../../libmaple/wirish/comm/HardwareSPI.o
LOAD build/../../libmaple/wirish/HardwareTimer.o
LOAD build/../../libmaple/wirish/usb_serial.o
LOAD build/../../libmaple/wirish/cxxabi-compat.o
LOAD build/../../libmaple/wirish/wirish_shift.o
LOAD build/../../libmaple/wirish/wirish_analog.o
LOAD build/../../libmaple/wirish/wirish_time.o
LOAD build/../../libmaple/wirish/pwm.o
LOAD build/../../libmaple/wirish/ext_interrupts.o
LOAD build/../../libmaple/wirish/wirish_digital.o
LOAD build/../../libmaple/libraries/Servo/Servo.o
LOAD build/../../libmaple/libraries/LiquidCrystal/LiquidCrystal.o
LOAD build/../../libmaple/libraries/Wire/Wire.o
LOAD build/../../libmaple/libraries/FreeRTOS/utility/croutine.o
LOAD build/../../libmaple/libraries/FreeRTOS/utility/heap_2.o
LOAD build/../../libmaple/libraries/FreeRTOS/utility/list.o
LOAD build/../../libmaple/libraries/FreeRTOS/utility/port.o
LOAD build/../../libmaple/libraries/FreeRTOS/utility/queue.o
LOAD build/../../libmaple/libraries/FreeRTOS/utility/timers.o
LOAD build/../../libmaple/libraries/FreeRTOS/utility/tasks.o
LOAD build/../../libmaple/libraries/FreeRTOS/MapleFreeRTOS.o
LOAD build/IO.o
LOAD build/Infrareds.o
LOAD build/Sensors.o
LOAD build/Ultrasonics.o
LOAD build/main.o
LOAD build/DriveControl.o
LOAD build/MiceSensors.o
LOAD /Users/alexanderryan/Programming/SmartMouse/MapleCode/arm/bin/../lib/gcc/arm-none-eabi/4.4.1/../../../../arm-none-eabi/lib/thumb2/libstdc++.a
LOAD /Users/alexanderryan/Programming/SmartMouse/MapleCode/arm/bin/../lib/gcc/arm-none-eabi/4.4.1/../../../../arm-none-eabi/lib/thumb2/libm.a
START GROUP
LOAD /Users/alexanderryan/Programming/SmartMouse/MapleCode/arm/bin/../lib/gcc/arm-none-eabi/4.4.1/thumb2/libgcc.a
LOAD /Users/alexanderryan/Programming/SmartMouse/MapleCode/arm/bin/../lib/gcc/arm-none-eabi/4.4.1/../../../../arm-none-eabi/lib/thumb2/libc.a
END GROUP
LOAD /Users/alexanderryan/Programming/SmartMouse/MapleCode/arm/bin/../lib/gcc/arm-none-eabi/4.4.1/thumb2/crtend.o
LOAD /Users/alexanderryan/Programming/SmartMouse/MapleCode/arm/bin/../lib/gcc/arm-none-eabi/4.4.1/thumb2/crtn.o
START GROUP
LOAD ../../libmaple/support/ld/libcs3_stm32_high_density.a
END GROUP
                0x00000001                _FLASH_BUILD = 0x1
START GROUP
LOAD /Users/alexanderryan/Programming/SmartMouse/MapleCode/arm/bin/../lib/gcc/arm-none-eabi/4.4.1/thumb2/libgcc.a
LOAD /Users/alexanderryan/Programming/SmartMouse/MapleCode/arm/bin/../lib/gcc/arm-none-eabi/4.4.1/../../../../arm-none-eabi/lib/thumb2/libc.a
LOAD /Users/alexanderryan/Programming/SmartMouse/MapleCode/arm/bin/../lib/gcc/arm-none-eabi/4.4.1/../../../../arm-none-eabi/lib/thumb2/libm.a
END GROUP
                0x20010000                PROVIDE (__cs3_stack, (__cs3_region_start_ram + 0xf400))
                0x080085b4                PROVIDE (__cs3_reset, _start)

.text           0x08005000     0x3754
                0x08005000                __text_start = .
 *(.stm32.interrupt_vector)
 .stm32.interrupt_vector
                0x08005000       0xec ../../libmaple/support/ld/libcs3_stm32_high_density.a(stm32_vector_table.o)
                0x08005000                __cs3_stm32_vector_table
 *(.text .text.* .gnu.linkonce.t.*)
 .text          0x080050ec       0x30 /Users/alexanderryan/Programming/SmartMouse/MapleCode/arm/bin/../lib/gcc/arm-none-eabi/4.4.1/thumb2/crtbegin.o
 .text.adc_foreach
                0x0800511c       0x24 build/../../libmaple/libmaple/adc.o
                0x0800511c                adc_foreach
 .text.adc_set_sample_rate
                0x08005140       0x2e build/../../libmaple/libmaple/adc.o
                0x08005140                adc_set_sample_rate
 .text.adc_read
                0x0800516e       0x22 build/../../libmaple/libmaple/adc.o
                0x0800516e                adc_read
 .text.dma_clear_isr_bits
                0x08005190       0x10 build/../../libmaple/libmaple/dma.o
 .text.dispatch_handler
                0x080051a0       0x1c build/../../libmaple/libmaple/dma.o
 .text.__irq_dma1_channel1
                0x080051bc       0x10 build/../../libmaple/libmaple/dma.o
                0x080051bc                __irq_dma1_channel1
 .text.__irq_dma1_channel2
                0x080051cc       0x10 build/../../libmaple/libmaple/dma.o
                0x080051cc                __irq_dma1_channel2
 .text.__irq_dma1_channel3
                0x080051dc       0x10 build/../../libmaple/libmaple/dma.o
                0x080051dc                __irq_dma1_channel3
 .text.__irq_dma1_channel4
                0x080051ec       0x10 build/../../libmaple/libmaple/dma.o
                0x080051ec                __irq_dma1_channel4
 .text.__irq_dma1_channel5
                0x080051fc       0x10 build/../../libmaple/libmaple/dma.o
                0x080051fc                __irq_dma1_channel5
 .text.__irq_dma1_channel6
                0x0800520c       0x10 build/../../libmaple/libmaple/dma.o
                0x0800520c                __irq_dma1_channel6
 .text.__irq_dma1_channel7
                0x0800521c       0x10 build/../../libmaple/libmaple/dma.o
                0x0800521c                __irq_dma1_channel7
 .text.__irq_dma2_channel1
                0x0800522c       0x10 build/../../libmaple/libmaple/dma.o
                0x0800522c                __irq_dma2_channel1
 .text.__irq_dma2_channel2
                0x0800523c       0x10 build/../../libmaple/libmaple/dma.o
                0x0800523c                __irq_dma2_channel2
 .text.__irq_dma2_channel3
                0x0800524c       0x10 build/../../libmaple/libmaple/dma.o
                0x0800524c                __irq_dma2_channel3
 .text.__irq_dma2_channel4_5
                0x0800525c       0x1c build/../../libmaple/libmaple/dma.o
                0x0800525c                __irq_dma2_channel4_5
 .text.clear_pending_msk
                0x08005278       0x10 build/../../libmaple/libmaple/exti.o
 .text.dispatch_single_exti
                0x08005288       0x20 build/../../libmaple/libmaple/exti.o
 .text.__irq_exti4
                0x080052a8        0x6 build/../../libmaple/libmaple/exti.o
                0x080052a8                __irq_exti4
 .text.__irq_exti3
                0x080052ae        0x6 build/../../libmaple/libmaple/exti.o
                0x080052ae                __irq_exti3
 .text.__irq_exti2
                0x080052b4        0x6 build/../../libmaple/libmaple/exti.o
                0x080052b4                __irq_exti2
 .text.__irq_exti1
                0x080052ba        0x6 build/../../libmaple/libmaple/exti.o
                0x080052ba                __irq_exti1
 .text.__irq_exti0
                0x080052c0        0x6 build/../../libmaple/libmaple/exti.o
                0x080052c0                __irq_exti0
 *fill*         0x080052c6        0x2 00
 .text.dispatch_extis
                0x080052c8       0x44 build/../../libmaple/libmaple/exti.o
 .text.__irq_exti15_10
                0x0800530c        0x8 build/../../libmaple/libmaple/exti.o
                0x0800530c                __irq_exti15_10
 .text.__irq_exti9_5
                0x08005314        0x8 build/../../libmaple/libmaple/exti.o
                0x08005314                __irq_exti9_5
 .text.gpio_set_mode
                0x0800531c       0x56 build/../../libmaple/libmaple/gpio.o
                0x0800531c                gpio_set_mode
 .text.i2c_write
                0x08005372        0x6 build/../../libmaple/libmaple/i2c.o
 .text.i2c_start_condition
                0x08005378       0x14 build/../../libmaple/libmaple/i2c.o
 .text.i2c_stop_condition
                0x0800538c       0x1c build/../../libmaple/libmaple/i2c.o
 .text.i2c_enable_irq
                0x080053a8        0xc build/../../libmaple/libmaple/i2c.o
 .text.i2c_disable_irq
                0x080053b4        0xc build/../../libmaple/libmaple/i2c.o
 .text.i2c_disable_ack
                0x080053c0        0xc build/../../libmaple/libmaple/i2c.o
 .text.i2c_irq_error_handler
                0x080053cc       0x2a build/../../libmaple/libmaple/i2c.o
 *fill*         0x080053f6        0x2 00
 .text.__irq_i2c1_er
                0x080053f8        0xc build/../../libmaple/libmaple/i2c.o
                0x080053f8                __irq_i2c1_er
 .text.__irq_i2c2_er
                0x08005404        0xc build/../../libmaple/libmaple/i2c.o
                0x08005404                __irq_i2c2_er
 .text.i2c_irq_handler
                0x08005410      0x158 build/../../libmaple/libmaple/i2c.o
 .text.__irq_i2c2_ev
                0x08005568        0xc build/../../libmaple/libmaple/i2c.o
                0x08005568                __irq_i2c2_ev
 .text.__irq_i2c1_ev
                0x08005574        0xc build/../../libmaple/libmaple/i2c.o
                0x08005574                __irq_i2c1_ev
 .text.bb_peri_set_bit
                0x08005580        0xe build/../../libmaple/libmaple/rcc.o
 *fill*         0x0800558e        0x2 00
 .text.rcc_clk_enable
                0x08005590       0x20 build/../../libmaple/libmaple/rcc.o
                0x08005590                rcc_clk_enable
 .text.__exc_systick
                0x080055b0       0x1c build/../../libmaple/libmaple/systick.o
                0x080055b0                __exc_systick
 .text.nvic_irq_enable
                0x080055cc       0x1c build/../../libmaple/libmaple/timer.o
 .text.timer_oc_set_mode
                0x080055e8       0x38 build/../../libmaple/libmaple/timer.o
 .text.timer_disable
                0x08005620       0x12 build/../../libmaple/libmaple/timer.o
                0x08005620                timer_disable
 *fill*         0x08005632        0x2 00
 .text.timer_foreach
                0x08005634       0x58 build/../../libmaple/libmaple/timer.o
                0x08005634                timer_foreach
 .text.dispatch_single_irq
                0x0800568c       0x1a build/../../libmaple/libmaple/timer.o
 .text.dispatch_adv_brk
                0x080056a6        0x8 build/../../libmaple/libmaple/timer.o
 *fill*         0x080056ae        0x2 00
 .text.__irq_tim8_brk
                0x080056b0        0xc build/../../libmaple/libmaple/timer.o
                0x080056b0                __irq_tim8_brk
 .text.__irq_tim1_brk
                0x080056bc        0xc build/../../libmaple/libmaple/timer.o
                0x080056bc                __irq_tim1_brk
 .text.dispatch_adv_up
                0x080056c8        0x8 build/../../libmaple/libmaple/timer.o
 .text.__irq_tim8_up
                0x080056d0        0xc build/../../libmaple/libmaple/timer.o
                0x080056d0                __irq_tim8_up
 .text.__irq_tim1_up
                0x080056dc        0xc build/../../libmaple/libmaple/timer.o
                0x080056dc                __irq_tim1_up
 .text.dispatch_adv_trg_com
                0x080056e8       0x3a build/../../libmaple/libmaple/timer.o
 *fill*         0x08005722        0x2 00
 .text.__irq_tim8_trg_com
                0x08005724        0xc build/../../libmaple/libmaple/timer.o
                0x08005724                __irq_tim8_trg_com
 .text.__irq_tim1_trg_com
                0x08005730        0xc build/../../libmaple/libmaple/timer.o
                0x08005730                __irq_tim1_trg_com
 .text.dispatch_adv_cc
                0x0800573c       0x5a build/../../libmaple/libmaple/timer.o
 *fill*         0x08005796        0x2 00
 .text.__irq_tim8_cc
                0x08005798        0xc build/../../libmaple/libmaple/timer.o
                0x08005798                __irq_tim8_cc
 .text.__irq_tim1_cc
                0x080057a4        0xc build/../../libmaple/libmaple/timer.o
                0x080057a4                __irq_tim1_cc
 .text.dispatch_general
                0x080057b0       0x82 build/../../libmaple/libmaple/timer.o
 *fill*         0x08005832        0x2 00
 .text.__irq_tim5
                0x08005834        0xc build/../../libmaple/libmaple/timer.o
                0x08005834                __irq_tim5
 .text.__irq_tim4
                0x08005840        0xc build/../../libmaple/libmaple/timer.o
                0x08005840                __irq_tim4
 .text.__irq_tim3
                0x0800584c        0xc build/../../libmaple/libmaple/timer.o
                0x0800584c                __irq_tim3
 .text.__irq_tim2
                0x08005858        0xc build/../../libmaple/libmaple/timer.o
                0x08005858                __irq_tim2
 .text.dispatch_basic
                0x08005864        0x8 build/../../libmaple/libmaple/timer.o
 .text.__irq_tim7
                0x0800586c        0xc build/../../libmaple/libmaple/timer.o
                0x0800586c                __irq_tim7
 .text.__irq_tim6
                0x08005878        0xc build/../../libmaple/libmaple/timer.o
                0x08005878                __irq_tim6
 .text.bb_perip
                0x08005884        0xc build/../../libmaple/libmaple/timer.o
 .text.timer_attach_interrupt
                0x08005890       0xb8 build/../../libmaple/libmaple/timer.o
                0x08005890                timer_attach_interrupt
 .text.timer_disable_irq
                0x08005948       0x10 build/../../libmaple/libmaple/timer.o
 .text.timer_detach_interrupt
                0x08005958       0x14 build/../../libmaple/libmaple/timer.o
                0x08005958                timer_detach_interrupt
 .text.timer_cc_enable
                0x0800596c       0x14 build/../../libmaple/libmaple/timer.o
 .text.timer_set_mode
                0x08005980       0x90 build/../../libmaple/libmaple/timer.o
                0x08005980                timer_set_mode
 .text.rb_remove
                0x08005a10       0x1a build/../../libmaple/libmaple/usart.o
 .text.usart_set_baud_rate
                0x08005a2a       0x34 build/../../libmaple/libmaple/usart.o
                0x08005a2a                usart_set_baud_rate
 .text.usart_disable
                0x08005a5e       0x22 build/../../libmaple/libmaple/usart.o
                0x08005a5e                usart_disable
 .text.usart_foreach
                0x08005a80       0x38 build/../../libmaple/libmaple/usart.o
                0x08005a80                usart_foreach
 .text.usart_tx
                0x08005ab8       0x1c build/../../libmaple/libmaple/usart.o
                0x08005ab8                usart_tx
 .text.usart_putudec
                0x08005ad4       0x44 build/../../libmaple/libmaple/usart.o
                0x08005ad4                usart_putudec
 .text.usart_irq
                0x08005b18       0x3c build/../../libmaple/libmaple/usart.o
 .text.__irq_usart1
                0x08005b54        0xc build/../../libmaple/libmaple/usart.o
                0x08005b54                __irq_usart1
 .text.__irq_usart2
                0x08005b60        0xc build/../../libmaple/libmaple/usart.o
                0x08005b60                __irq_usart2
 .text.__irq_usart3
                0x08005b6c        0xc build/../../libmaple/libmaple/usart.o
                0x08005b6c                __irq_usart3
 .text.__irq_uart4
                0x08005b78        0xc build/../../libmaple/libmaple/usart.o
                0x08005b78                __irq_uart4
 .text.__irq_uart5
                0x08005b84        0xc build/../../libmaple/libmaple/usart.o
                0x08005b84                __irq_uart5
 .text.usart_init
                0x08005b90       0x44 build/../../libmaple/libmaple/usart.o
                0x08005b90                usart_init
 .text.nvic_irq_enable
                0x08005bd4       0x1c build/../../libmaple/libmaple/util.o
 .text.usart_putc
                0x08005bf0       0x1a build/../../libmaple/libmaple/util.o
 .text.usart_putstr
                0x08005c0a       0x1a build/../../libmaple/libmaple/util.o
 .text._enable_error_usart
                0x08005c24       0x34 build/../../libmaple/libmaple/util.o
                0x08005c24                _enable_error_usart
 .text.T.15     0x08005c58       0x10 build/../../libmaple/libmaple/util.o
 .text.throb    0x08005c68       0x4c build/../../libmaple/libmaple/util.o
                0x08005c68                throb
 .text.__error  0x08005cb4       0x48 build/../../libmaple/libmaple/util.o
                0x08005cb4                __error
 .text._fail    0x08005cfc       0x68 build/../../libmaple/libmaple/util.o
                0x08005cfc                _fail
 .text.adc_disable
                0x08005d64       0x12 build/../../libmaple/libmaple/util.o
 *fill*         0x08005d76        0x2 00
 .text.usb_clear_ctr_rx
                0x08005d78       0x18 build/../../libmaple/libmaple/usb/usb.o
 .text.usb_clear_ctr_tx
                0x08005d90       0x18 build/../../libmaple/libmaple/usb/usb.o
 .text.usbSuspend
                0x08005da8       0x24 build/../../libmaple/libmaple/usb/usb.o
                0x08005da8                usbSuspend
 .text.usbResumeInit
                0x08005dcc       0x1c build/../../libmaple/libmaple/usb/usb.o
                0x08005dcc                usbResumeInit
 .text.usbResume
                0x08005de8       0x90 build/../../libmaple/libmaple/usb/usb.o
                0x08005de8                usbResume
 .text.usbIsConfigured
                0x08005e78       0x14 build/../../libmaple/libmaple/usb/usb.o
                0x08005e78                usbIsConfigured
 .text.usbIsConnected
                0x08005e8c       0x14 build/../../libmaple/libmaple/usb/usb.o
                0x08005e8c                usbIsConnected
 .text.handle_in0
                0x08005ea0        0x4 build/../../libmaple/libmaple/usb/usb.o
 .text.set_rx_tx_status0
                0x08005ea4       0x38 build/../../libmaple/libmaple/usb/usb.o
 .text.__irq_usb_lp_can_rx0
                0x08005edc      0x18c build/../../libmaple/libmaple/usb/usb.o
                0x08005edc                __irq_usb_lp_can_rx0
 .text.usb_pma_ptr
                0x08006068        0xc build/../../libmaple/libmaple/usb/usb_reg_map.o
 .text.usb_copy_to_pma
                0x08006074       0x44 build/../../libmaple/libmaple/usb/usb_reg_map.o
                0x08006074                usb_copy_to_pma
 .text.usb_set_ep_rx_count
                0x080060b8       0x40 build/../../libmaple/libmaple/usb/usb_reg_map.o
                0x080060b8                usb_set_ep_rx_count
 .text.usb_set_ep_rx_stat
                0x080060f8       0x24 build/../../libmaple/libmaple/usb/usb_cdcacm.o
 .text.usb_set_ep_tx_stat
                0x0800611c       0x24 build/../../libmaple/libmaple/usb/usb_cdcacm.o
 .text.usb_set_ep_type
                0x08006140       0x1c build/../../libmaple/libmaple/usb/usb_cdcacm.o
 .text.usb_btable_ptr
                0x0800615c       0x18 build/../../libmaple/libmaple/usb/usb_cdcacm.o
 .text.usb_set_ep_tx_addr
                0x08006174       0x12 build/../../libmaple/libmaple/usb/usb_cdcacm.o
 .text.usb_set_ep_rx_addr
                0x08006186       0x14 build/../../libmaple/libmaple/usb/usb_cdcacm.o
 *fill*         0x0800619a        0x2 00
 .text.vcomGetSetLineCoding
                0x0800619c       0x18 build/../../libmaple/libmaple/usb/usb_cdcacm.o
 .text.usbDataSetup
                0x080061b4       0x40 build/../../libmaple/libmaple/usb/usb_cdcacm.o
 .text.usbNoDataSetup
                0x080061f4       0x64 build/../../libmaple/libmaple/usb/usb_cdcacm.o
 .text.usbGetInterfaceSetting
                0x08006258        0xe build/../../libmaple/libmaple/usb/usb_cdcacm.o
 *fill*         0x08006266        0x2 00
 .text.usbGetStringDescriptor
                0x08006268       0x20 build/../../libmaple/libmaple/usb/usb_cdcacm.o
 .text.usbGetConfigDescriptor
                0x08006288        0xc build/../../libmaple/libmaple/usb/usb_cdcacm.o
 .text.usbGetDeviceDescriptor
                0x08006294        0xc build/../../libmaple/libmaple/usb/usb_cdcacm.o
 .text.usbInit  0x080062a0       0x44 build/../../libmaple/libmaple/usb/usb_cdcacm.o
 .text.usbReset
                0x080062e4      0x104 build/../../libmaple/libmaple/usb/usb_cdcacm.o
 .text.usb_cdcacm_tx
                0x080063e8       0x44 build/../../libmaple/libmaple/usb/usb_cdcacm.o
                0x080063e8                usb_cdcacm_tx
 .text.Standard_GetConfiguration
                0x0800642c       0x28 build/../../libmaple/libmaple/usb/usb_lib/usb_core.o
                0x0800642c                Standard_GetConfiguration
 .text.Standard_SetConfiguration
                0x08006454       0x38 build/../../libmaple/libmaple/usb/usb_lib/usb_core.o
                0x08006454                Standard_SetConfiguration
 .text.Standard_GetInterface
                0x0800648c       0x28 build/../../libmaple/libmaple/usb/usb_lib/usb_core.o
                0x0800648c                Standard_GetInterface
 .text.Standard_SetInterface
                0x080064b4       0x48 build/../../libmaple/libmaple/usb/usb_lib/usb_core.o
                0x080064b4                Standard_SetInterface
 .text.Standard_GetStatus
                0x080064fc       0xa4 build/../../libmaple/libmaple/usb/usb_lib/usb_core.o
                0x080064fc                Standard_GetStatus
 .text.Standard_SetEndPointFeature
                0x080065a0       0x84 build/../../libmaple/libmaple/usb/usb_lib/usb_core.o
                0x080065a0                Standard_SetEndPointFeature
 .text.Standard_SetDeviceFeature
                0x08006624       0x24 build/../../libmaple/libmaple/usb/usb_lib/usb_core.o
                0x08006624                Standard_SetDeviceFeature
 .text.Standard_GetDescriptorData
                0x08006648       0x1c build/../../libmaple/libmaple/usb/usb_lib/usb_core.o
                0x08006648                Standard_GetDescriptorData
 .text.SetDeviceAddress
                0x08006664       0x44 build/../../libmaple/libmaple/usb/usb_lib/usb_core.o
                0x08006664                SetDeviceAddress
 .text.NOP_Process
                0x080066a8        0x2 build/../../libmaple/libmaple/usb/usb_lib/usb_core.o
                0x080066a8                NOP_Process
 *fill*         0x080066aa        0x2 00
 .text.Post0_Process
                0x080066ac       0x44 build/../../libmaple/libmaple/usb/usb_lib/usb_core.o
                0x080066ac                Post0_Process
 .text.Out0_Process
                0x080066f0       0xd4 build/../../libmaple/libmaple/usb/usb_lib/usb_core.o
                0x080066f0                Out0_Process
 .text.DataStageIn
                0x080067c4       0xac build/../../libmaple/libmaple/usb/usb_lib/usb_core.o
 .text.In0_Process
                0x08006870       0x60 build/../../libmaple/libmaple/usb/usb_lib/usb_core.o
                0x08006870                In0_Process
 .text.Standard_ClearFeature
                0x080068d0       0xd4 build/../../libmaple/libmaple/usb/usb_lib/usb_core.o
                0x080068d0                Standard_ClearFeature
 .text.Setup0_Process
                0x080069a4      0x304 build/../../libmaple/libmaple/usb/usb_lib/usb_core.o
                0x080069a4                Setup0_Process
 .text.UserToPMABufferCopy
                0x08006ca8       0x2e build/../../libmaple/libmaple/usb/usb_lib/usb_mem.o
                0x08006ca8                UserToPMABufferCopy
 .text.PMAToUserBufferCopy
                0x08006cd6       0x24 build/../../libmaple/libmaple/usb/usb_lib/usb_mem.o
                0x08006cd6                PMAToUserBufferCopy
 .text.SetEPTxStatus
                0x08006cfa       0x2c build/../../libmaple/libmaple/usb/usb_lib/usb_regs.o
                0x08006cfa                SetEPTxStatus
 .text.ClearDTOG_RX
                0x08006d26       0x24 build/../../libmaple/libmaple/usb/usb_lib/usb_regs.o
                0x08006d26                ClearDTOG_RX
 .text.ClearDTOG_TX
                0x08006d4a       0x24 build/../../libmaple/libmaple/usb/usb_lib/usb_regs.o
                0x08006d4a                ClearDTOG_TX
 *fill*         0x08006d6e        0x2 00
 .text.GetEPTxAddr
                0x08006d70       0x1c build/../../libmaple/libmaple/usb/usb_lib/usb_regs.o
                0x08006d70                GetEPTxAddr
 .text.GetEPRxAddr
                0x08006d8c       0x1c build/../../libmaple/libmaple/usb/usb_lib/usb_regs.o
                0x08006d8c                GetEPRxAddr
 .text.SetEPTxCount
                0x08006da8       0x1c build/../../libmaple/libmaple/usb/usb_lib/usb_regs.o
                0x08006da8                SetEPTxCount
 .text.SetEPRxCount
                0x08006dc4       0x40 build/../../libmaple/libmaple/usb/usb_lib/usb_regs.o
                0x08006dc4                SetEPRxCount
 .text.ByteSwap
                0x08006e04        0xa build/../../libmaple/libmaple/usb/usb_lib/usb_regs.o
                0x08006e04                ByteSwap
 *fill*         0x08006e0e        0x2 00
 .text          0x08006e10       0x60 build/../../libmaple/libmaple/exc.o
                0x08006e10                __exc_nmi
                0x08006e14                __exc_hardfault
                0x08006e18                __exc_memmanage
                0x08006e1c                __exc_busfault
                0x08006e20                __exc_usagefault
 .text._ZN5Print5writeEPKc
                0x08006e70       0x1c build/../../libmaple/wirish/Print.o
                0x08006e70                _ZN5Print5writeEPKc
 .text._ZN5Print5writeEPKvj
                0x08006e8c       0x20 build/../../libmaple/wirish/Print.o
                0x08006e8c                _ZN5Print5writeEPKvj
 .text._ZN5Print5printEc
                0x08006eac        0xa build/../../libmaple/wirish/Print.o
                0x08006eac                _ZN5Print5printEc
 .text._ZN5Print5printEPKc
                0x08006eb6        0xa build/../../libmaple/wirish/Print.o
                0x08006eb6                _ZN5Print5printEPKc
 .text._ZN5Print7printlnEv
                0x08006ec0       0x16 build/../../libmaple/wirish/Print.o
                0x08006ec0                _ZN5Print7printlnEv
 .text._ZN5Print7printlnEPKc
                0x08006ed6       0x12 build/../../libmaple/wirish/Print.o
                0x08006ed6                _ZN5Print7printlnEPKc
 .text._ZN5Print11printNumberEyh
                0x08006ee8       0x7c build/../../libmaple/wirish/Print.o
                0x08006ee8                _ZN5Print11printNumberEyh
 .text._ZN5Print5printExi
                0x08006f64       0x40 build/../../libmaple/wirish/Print.o
                0x08006f64                _ZN5Print5printExi
 .text._ZN5Print5printEii
                0x08006fa4       0x10 build/../../libmaple/wirish/Print.o
                0x08006fa4                _ZN5Print5printEii
 .text._ZN5Print7printlnEii
                0x08006fb4       0x12 build/../../libmaple/wirish/Print.o
                0x08006fb4                _ZN5Print7printlnEii
 *fill*         0x08006fc6        0x2 00
 .text._GLOBAL__I__Z9boardInitv
                0x08006fc8      0x170 build/../../libmaple/wirish/boards/maple_RET6.o
 .text._ZN5PrintC2Ev
                0x08007138        0xc build/../../libmaple/wirish/comm/HardwareSerial.o
                0x08007138                _ZN5PrintC2Ev
 .text._ZN14HardwareSerialC1EP9usart_devhhj
                0x08007144       0x24 build/../../libmaple/wirish/comm/HardwareSerial.o
                0x08007144                _ZN14HardwareSerialC1EP9usart_devhhj
 .text._ZN14HardwareSerial5writeEh
                0x08007168       0x1a build/../../libmaple/wirish/comm/HardwareSerial.o
                0x08007168                _ZN14HardwareSerial5writeEh
 *fill*         0x08007182        0x2 00
 .text._GLOBAL__I_Serial1
                0x08007184       0x58 build/../../libmaple/wirish/comm/HardwareSerial.o
 .text._ZN13HardwareTimer17setPrescaleFactorEj
                0x080071dc        0xc build/../../libmaple/wirish/HardwareTimer.o
                0x080071dc                _ZN13HardwareTimer17setPrescaleFactorEj
 .text._ZN13HardwareTimer11setOverflowEt
                0x080071e8        0x8 build/../../libmaple/wirish/HardwareTimer.o
                0x080071e8                _ZN13HardwareTimer11setOverflowEt
 .text._ZN13HardwareTimer8setCountEt
                0x080071f0       0x12 build/../../libmaple/wirish/HardwareTimer.o
                0x080071f0                _ZN13HardwareTimer8setCountEt
 .text._ZN13HardwareTimer10setCompareEit
                0x08007202       0x1a build/../../libmaple/wirish/HardwareTimer.o
                0x08007202                _ZN13HardwareTimer10setCompareEit
 .text._ZN13HardwareTimer15attachInterruptEiPFvvE
                0x0800721c        0x8 build/../../libmaple/wirish/HardwareTimer.o
                0x0800721c                _ZN13HardwareTimer15attachInterruptEiPFvvE
 .text._ZN13HardwareTimer7setModeEi10timer_mode
                0x08007224        0x8 build/../../libmaple/wirish/HardwareTimer.o
                0x08007224                _ZN13HardwareTimer7setModeEi10timer_mode
 .text._ZN13HardwareTimerC1Eh
                0x0800722c       0x80 build/../../libmaple/wirish/HardwareTimer.o
                0x0800722c                _ZN13HardwareTimerC1Eh
 .text._GLOBAL__I__ZN13HardwareTimerC2Eh
                0x080072ac       0x68 build/../../libmaple/wirish/HardwareTimer.o
 .text.T.16     0x08007314        0x8 build/../../libmaple/wirish/HardwareTimer.o
 .text._ZN13HardwareTimer7refreshEv
                0x0800731c       0x12 build/../../libmaple/wirish/HardwareTimer.o
                0x0800731c                _ZN13HardwareTimer7refreshEv
 .text._ZN13HardwareTimer6resumeEv
                0x0800732e       0x10 build/../../libmaple/wirish/HardwareTimer.o
                0x0800732e                _ZN13HardwareTimer6resumeEv
 .text._ZN13HardwareTimer5pauseEv
                0x0800733e       0x10 build/../../libmaple/wirish/HardwareTimer.o
                0x0800733e                _ZN13HardwareTimer5pauseEv
 *fill*         0x0800734e        0x2 00
 .text._ZN9USBSerialC1Ev
                0x08007350       0x14 build/../../libmaple/wirish/usb_serial.o
                0x08007350                _ZN9USBSerialC1Ev
 .text._ZN9USBSerial5writeEh
                0x08007364       0x14 build/../../libmaple/wirish/usb_serial.o
                0x08007364                _ZN9USBSerial5writeEh
 .text._ZN9USBSerial5writeEPKvj
                0x08007378       0x58 build/../../libmaple/wirish/usb_serial.o
                0x08007378                _ZN9USBSerial5writeEPKvj
 .text._ZN9USBSerial5writeEPKc
                0x080073d0       0x1a build/../../libmaple/wirish/usb_serial.o
                0x080073d0                _ZN9USBSerial5writeEPKc
 *fill*         0x080073ea        0x2 00
 .text._GLOBAL__I__ZN9USBSerialC2Ev
                0x080073ec        0xc build/../../libmaple/wirish/usb_serial.o
 .text.__cxa_pure_virtual
                0x080073f8        0x2 build/../../libmaple/wirish/cxxabi-compat.o
                0x080073f8                __cxa_pure_virtual
 *fill*         0x080073fa        0x2 00
 .text._Z8pwmWriteht
                0x080073fc       0x30 build/../../libmaple/wirish/pwm.o
                0x080073fc                _Z8pwmWriteht
 .text._Z12digitalWritehh
                0x0800742c       0x30 build/../../libmaple/wirish/wirish_digital.o
                0x0800742c                _Z12digitalWritehh
 .text._Z7pinModeh13WiringPinMode
                0x0800745c       0x88 build/../../libmaple/wirish/wirish_digital.o
                0x0800745c                _Z7pinModeh13WiringPinMode
 .text._ZN7TwoWireC1Ev
                0x080074e4       0x20 build/../../libmaple/libraries/Wire/Wire.o
                0x080074e4                _ZN7TwoWireC1Ev
 .text._GLOBAL__I_i2c_delay
                0x08007504        0xc build/../../libmaple/libraries/Wire/Wire.o
 .text.__exc_svc
                0x08007510       0x24 build/../../libmaple/libraries/FreeRTOS/utility/port.o
                0x08007510                __exc_svc
 .text.__exc_pendsv
                0x08007534       0x40 build/../../libmaple/libraries/FreeRTOS/utility/port.o
                0x08007534                __exc_pendsv
 .text.vTaskSwitchContext
                0x08007574       0xf0 build/../../libmaple/libraries/FreeRTOS/utility/tasks.o
                0x08007574                vTaskSwitchContext
 .text.vApplicationStackOverflowHook
                0x08007664        0x2 build/../../libmaple/libraries/FreeRTOS/MapleFreeRTOS.o
                0x08007664                vApplicationStackOverflowHook
 .text._Z11setupIOPinsv
                0x08007666       0x1e build/IO.o
                0x08007666                _Z11setupIOPinsv
 .text._Z9Linearizes
                0x08007684       0x2e build/Infrareds.o
                0x08007684                _Z9Linearizes
 *fill*         0x080076b2        0x2 00
 .text._Z20getRightFrontIRRangev
                0x080076b4       0x10 build/Infrareds.o
                0x080076b4                _Z20getRightFrontIRRangev
 .text._Z20getFrontRightIRRangev
                0x080076c4       0x10 build/Infrareds.o
                0x080076c4                _Z20getFrontRightIRRangev
 .text._Z19getFrontLeftIRRangev
                0x080076d4       0x10 build/Infrareds.o
                0x080076d4                _Z19getFrontLeftIRRangev
 .text._Z19getLeftFrontIRRangev
                0x080076e4       0x10 build/Infrareds.o
                0x080076e4                _Z19getLeftFrontIRRangev
 .text._Z8sampleIRv
                0x080076f4      0x180 build/Infrareds.o
                0x080076f4                _Z8sampleIRv
 .text._Z11setupIRPinsv
                0x08007874       0x36 build/Infrareds.o
                0x08007874                _Z11setupIRPinsv
 *fill*         0x080078aa        0x2 00
 .text._GLOBAL__I_infraredOneBuffer
                0x080078ac        0xc build/Infrareds.o
 .text._Z12setupIRTimerv
                0x080078b8       0x5c build/Infrareds.o
                0x080078b8                _Z12setupIRTimerv
 .text._Z14setupIRSensorsv
                0x08007914        0xe build/Infrareds.o
                0x08007914                _Z14setupIRSensorsv
 .text._Z12setupSensorsv
                0x08007922       0x12 build/Sensors.o
                0x08007922                _Z12setupSensorsv
 .text._ZL6microsv
                0x08007934       0x30 build/Ultrasonics.o
 .text._Z21getRangeUltrasonicOnev
                0x08007964        0xc build/Ultrasonics.o
                0x08007964                _Z21getRangeUltrasonicOnev
 .text._Z21getRangeUltrasonicTwov
                0x08007970        0xc build/Ultrasonics.o
                0x08007970                _Z21getRangeUltrasonicTwov
 .text._Z17sampleUltrasonicsv
                0x0800797c       0xb4 build/Ultrasonics.o
                0x0800797c                _Z17sampleUltrasonicsv
 .text._Z20setupUltrasonicTimerv
                0x08007a30       0x5c build/Ultrasonics.o
                0x08007a30                _Z20setupUltrasonicTimerv
 .text._Z19setupUltrasonicPinsv
                0x08007a8c       0x44 build/Ultrasonics.o
                0x08007a8c                _Z19setupUltrasonicPinsv
 .text._Z16setupUltrasonicsv
                0x08007ad0        0xe build/Ultrasonics.o
                0x08007ad0                _Z16setupUltrasonicsv
 *fill*         0x08007ade        0x2 00
 .text._GLOBAL__I_mostRecentUltrasonicVoltageOne
                0x08007ae0        0xc build/Ultrasonics.o
 .text.main     0x08007aec       0xc4 build/main.o
                0x08007aec                main
 .text._Z21setupDriveControlPinsv
                0x08007bb0       0x66 build/DriveControl.o
                0x08007bb0                _Z21setupDriveControlPinsv
 .text._Z16setupMiceSensorsv
                0x08007c16        0x2 build/MiceSensors.o
                0x08007c16                _Z16setupMiceSensorsv
 .text          0x08007c18       0x2c /Users/alexanderryan/Programming/SmartMouse/MapleCode/arm/bin/../lib/gcc/arm-none-eabi/4.4.1/thumb2/libgcc.a(_aeabi_uldivmod.o)
                0x08007c18                __aeabi_uldivmod
 .text          0x08007c44       0x58 /Users/alexanderryan/Programming/SmartMouse/MapleCode/arm/bin/../lib/gcc/arm-none-eabi/4.4.1/thumb2/libgcc.a(bpabi.o)
                0x08007c44                __gnu_uldivmod_helper
                0x08007c70                __gnu_ldivmod_helper
 .text          0x08007c9c        0x4 /Users/alexanderryan/Programming/SmartMouse/MapleCode/arm/bin/../lib/gcc/arm-none-eabi/4.4.1/thumb2/libgcc.a(_dvmd_tls.o)
                0x08007c9c                __aeabi_ldiv0
                0x08007c9c                __aeabi_idiv0
 .text          0x08007ca0      0x364 /Users/alexanderryan/Programming/SmartMouse/MapleCode/arm/bin/../lib/gcc/arm-none-eabi/4.4.1/thumb2/libgcc.a(_divdi3.o)
                0x08007ca0                __divdi3
 .text          0x08008004      0x300 /Users/alexanderryan/Programming/SmartMouse/MapleCode/arm/bin/../lib/gcc/arm-none-eabi/4.4.1/thumb2/libgcc.a(_udivdi3.o)
                0x08008004                __udivdi3
 *fill*         0x08008304        0x4 00
 .text          0x08008308      0x278 /Users/alexanderryan/Programming/SmartMouse/MapleCode/arm/bin/../lib/gcc/arm-none-eabi/4.4.1/thumb2/libgcc.a(_udivsi3.o)
                0x08008308                __udivsi3
                0x08008308                __aeabi_uidiv
                0x08008564                __aeabi_uidivmod
 .text.memcmp   0x08008580       0x22 /Users/alexanderryan/Programming/SmartMouse/MapleCode/arm/bin/../lib/gcc/arm-none-eabi/4.4.1/../../../../arm-none-eabi/lib/thumb2/libc.a(lib_a-memcmp.o)
                0x08008580                memcmp
 .text.strlen   0x080085a2       0x10 /Users/alexanderryan/Programming/SmartMouse/MapleCode/arm/bin/../lib/gcc/arm-none-eabi/4.4.1/../../../../arm-none-eabi/lib/thumb2/libc.a(lib_a-strlen.o)
                0x080085a2                strlen
 .text          0x080085b2        0x2 ../../libmaple/support/ld/libcs3_stm32_high_density.a(stm32_isrs.o)
                0x080085b2                __irq_rcc
                0x080085b2                __exc_debug_monitor
                0x080085b2                __irq_adc
                0x080085b2                __irq_can_rx1
                0x080085b2                __irq_spi2
                0x080085b2                __irq_can_sce
                0x080085b2                __irq_pvd
                0x080085b2                __irq_tamper
                0x080085b2                __default_handler
                0x080085b2                __irq_wwdg
                0x080085b2                __stm32reservedexception10
                0x080085b2                __irq_flash
                0x080085b2                __stm32reservedexception13
                0x080085b2                __irq_rtc
                0x080085b2                __irq_spi1
                0x080085b2                __stm32reservedexception7
                0x080085b2                __irq_usb_hp_can_tx
                0x080085b2                __irq_rtcalarm
                0x080085b2                __stm32reservedexception8
                0x080085b2                __irq_usbwakeup
                0x080085b2                __stm32reservedexception9
 .text          0x080085b4       0x10 ../../libmaple/support/ld/libcs3_stm32_high_density.a(start.o)
                0x080085b4                _start
 .text          0x080085c4       0xf4 ../../libmaple/support/ld/libcs3_stm32_high_density.a(start_c.o)
                0x080085c4                __cs3_start_c
 .text.__libc_init_array
                0x080086b8       0x4c /Users/alexanderryan/Programming/SmartMouse/MapleCode/arm/bin/../lib/gcc/arm-none-eabi/4.4.1/../../../../arm-none-eabi/lib/thumb2/libc.a(lib_a-init.o)
                0x080086b8                __libc_init_array
 *(.plt)
 *(.gnu.warning)
 *(.glue_7t)
 .glue_7t       0x00000000        0x0 linker stubs
 *(.glue_7)
 .glue_7        0x00000000        0x0 linker stubs
 *(.vfp11_veneer)
 .vfp11_veneer  0x00000000        0x0 linker stubs
 *(.ARM.extab* .gnu.linkonce.armextab.*)
 *(.gcc_except_table)
 *(.eh_frame_hdr)
 *(.eh_frame)
                0x08008704                . = ALIGN (0x4)
 *(.init)
 .init          0x08008704        0x4 /Users/alexanderryan/Programming/SmartMouse/MapleCode/arm/bin/../lib/gcc/arm-none-eabi/4.4.1/thumb2/crti.o
                0x08008704                _init
 .init          0x08008708        0x8 /Users/alexanderryan/Programming/SmartMouse/MapleCode/arm/bin/../lib/gcc/arm-none-eabi/4.4.1/thumb2/crtn.o
                0x08008710                . = ALIGN (0x4)
                0x08008710                __preinit_array_start = .
 *(.preinit_array)
                0x08008710                __preinit_array_end = .
                0x08008710                . = ALIGN (0x4)
                0x08008710                __init_array_start = .
 *(SORT(.init_array.*))
 *(.init_array)
 .init_array    0x08008710        0x4 /Users/alexanderryan/Programming/SmartMouse/MapleCode/arm/bin/../lib/gcc/arm-none-eabi/4.4.1/thumb2/crtbegin.o
 .init_array    0x08008714        0x4 build/../../libmaple/wirish/boards/maple_RET6.o
 .init_array    0x08008718        0x4 build/../../libmaple/wirish/comm/HardwareSerial.o
 .init_array    0x0800871c        0x4 build/../../libmaple/wirish/HardwareTimer.o
 .init_array    0x08008720        0x4 build/../../libmaple/wirish/usb_serial.o
 .init_array    0x08008724        0x4 build/../../libmaple/libraries/Wire/Wire.o
 .init_array    0x08008728        0x4 build/Infrareds.o
 .init_array    0x0800872c        0x4 build/Ultrasonics.o
                0x08008730                __init_array_end = .
                0x08008730                . = ALIGN (0x4)
 *crtbegin.o(.ctors)
 *(EXCLUDE_FILE(*crtend.o) .ctors)
 *(SORT(.ctors.*))
 *crtend.o(.ctors)
                0x08008730                . = ALIGN (0x4)
 *(.fini)
 .fini          0x08008730        0x4 /Users/alexanderryan/Programming/SmartMouse/MapleCode/arm/bin/../lib/gcc/arm-none-eabi/4.4.1/thumb2/crti.o
                0x08008730                _fini
 .fini          0x08008734        0x8 /Users/alexanderryan/Programming/SmartMouse/MapleCode/arm/bin/../lib/gcc/arm-none-eabi/4.4.1/thumb2/crtn.o
                0x0800873c                . = ALIGN (0x4)
                0x0800873c                __fini_array_start = .
 *(.fini_array)
 .fini_array    0x0800873c        0x4 /Users/alexanderryan/Programming/SmartMouse/MapleCode/arm/bin/../lib/gcc/arm-none-eabi/4.4.1/thumb2/crtbegin.o
 *(SORT(.fini_array.*))
                0x08008740                __fini_array_end = .
 *crtbegin.o(.dtors)
 *(EXCLUDE_FILE(*crtend.o) .dtors)
 *(SORT(.dtors.*))
 *crtend.o(.dtors)
                0x08008740                . = ALIGN (0x4)
                0x08008740                __cs3_regions = .
                0x08008740        0x4 LONG 0x0
                0x08008744        0x4 LONG 0x8008a50 __cs3_region_init_ram
                0x08008748        0x4 LONG 0x20000c00 __cs3_region_start_ram
                0x0800874c        0x4 LONG 0x798 __cs3_region_init_size_ram
                0x08008750        0x4 LONG 0x6a0 __cs3_region_zero_size_ram

.v4_bx          0x08008754        0x0
 .v4_bx         0x00000000        0x0 linker stubs

.rodata         0x08008758      0x2ed
 *(.rodata .rodata.* .gnu.linkonce.r.*)
 .rodata.GPIOA  0x08008758        0x4 build/../../libmaple/libmaple/gpio.o
                0x08008758                GPIOA
 .rodata.GPIOB  0x0800875c        0x4 build/../../libmaple/libmaple/gpio.o
                0x0800875c                GPIOB
 .rodata.GPIOC  0x08008760        0x4 build/../../libmaple/libmaple/gpio.o
                0x08008760                GPIOC
 .rodata.GPIOD  0x08008764        0x4 build/../../libmaple/libmaple/gpio.o
                0x08008764                GPIOD
 .rodata.enable_regs.1523
                0x08008768        0xc build/../../libmaple/libmaple/rcc.o
 .rodata.rcc_dev_table
                0x08008774       0x50 build/../../libmaple/libmaple/rcc.o
 .rodata.str1.1
                0x080087c4       0x57 build/../../libmaple/libmaple/timer.o
 .rodata.str1.1
                0x0800881b       0x3f build/../../libmaple/libmaple/util.o
                                 0x42 (size before relaxing)
 .rodata.str1.1
                0x0800885a       0x36 build/../../libmaple/libmaple/usb/usb.o
 .rodata.usbVcomDescriptor_iProduct
                0x08008890       0x14 build/../../libmaple/libmaple/usb/usb_cdcacm.o
                0x08008890                usbVcomDescriptor_iProduct
 .rodata.usbVcomDescriptor_Device
                0x080088a4       0x14 build/../../libmaple/libmaple/usb/usb_cdcacm.o
                0x080088a4                usbVcomDescriptor_Device
 .rodata.usbVcomDescriptor_Config
                0x080088b8       0x44 build/../../libmaple/libmaple/usb/usb_cdcacm.o
                0x080088b8                usbVcomDescriptor_Config
 .rodata.usbVcomDescriptor_iManufacturer
                0x080088fc       0x14 build/../../libmaple/libmaple/usb/usb_cdcacm.o
                0x080088fc                usbVcomDescriptor_iManufacturer
 .rodata.usbVcomDescriptor_LangID
                0x08008910        0x4 build/../../libmaple/libmaple/usb/usb_cdcacm.o
                0x08008910                usbVcomDescriptor_LangID
 *fill*         0x08008914        0x4 00
 .rodata._ZTV5Print
                0x08008918       0x18 build/../../libmaple/wirish/Print.o
                0x08008918                _ZTV5Print
 .rodata._ZTV14HardwareSerial
                0x08008930       0x18 build/../../libmaple/wirish/comm/HardwareSerial.o
                0x08008930                _ZTV14HardwareSerial
 .rodata.str1.1
                0x08008948       0x28 build/../../libmaple/wirish/HardwareTimer.o
                                 0x2a (size before relaxing)
 .rodata._ZTV9USBSerial
                0x08008970       0x18 build/../../libmaple/wirish/usb_serial.o
                0x08008970                _ZTV9USBSerial
 .rodata.str1.1
                0x08008988       0x29 build/../../libmaple/wirish/wirish_digital.o
                                 0x2b (size before relaxing)
 *fill*         0x080089b1        0x3 00
 .rodata.ucExpectedStackBytes.3388
                0x080089b4       0x14 build/../../libmaple/libraries/FreeRTOS/utility/tasks.o
 .rodata.str1.1
                0x080089c8       0x7d build/main.o
                0x08008a45                __exidx_start = .

.ARM.exidx      0x08008a48        0x8
 *(.ARM.exidx* .gnu.linkonce.armexidx.*)
 .ARM.exidx     0x08008a48        0x8 /Users/alexanderryan/Programming/SmartMouse/MapleCode/arm/bin/../lib/gcc/arm-none-eabi/4.4.1/thumb2/libgcc.a(_divdi3.o)
 .ARM.exidx     0x08008a50        0x0 /Users/alexanderryan/Programming/SmartMouse/MapleCode/arm/bin/../lib/gcc/arm-none-eabi/4.4.1/thumb2/libgcc.a(_udivdi3.o)
                                  0x8 (size before relaxing)
 .ARM.exidx     0x08008a50        0x0 ../../libmaple/support/ld/libcs3_stm32_high_density.a(start.o)
                                  0x8 (size before relaxing)
                0x08008a50                __exidx_end = .

.text.align     0x08008a50        0x0
                0x08008a50                . = ALIGN (0x8)
                0x08008a50                _etext = .

.USER_FLASH
 *(.USER_FLASH)

.data           0x20000c00      0x798 load address 0x08008a50
                0x08005000                __cs3_region_start_ram = DEFINED (_FLASH_BUILD)?.:__text_start
 *(.got.plt)
 *(.got)
 *(.data .data.* .gnu.linkonce.d.*)
 .data.adc1     0x20000c00        0x8 build/../../libmaple/libmaple/adc.o
 .data.adc2     0x20000c08        0x8 build/../../libmaple/libmaple/adc.o
 .data.adc3     0x20000c10        0x8 build/../../libmaple/libmaple/adc.o
                0x20000c10                adc3
 .data.ADC1     0x20000c18        0x4 build/../../libmaple/libmaple/adc.o
                0x20000c18                ADC1
 .data.ADC2     0x20000c1c        0x4 build/../../libmaple/libmaple/adc.o
                0x20000c1c                ADC2
 .data.ADC3     0x20000c20        0x4 build/../../libmaple/libmaple/adc.o
                0x20000c20                ADC3
 .data.dma1     0x20000c24       0x40 build/../../libmaple/libmaple/dma.o
 .data.dma2     0x20000c64       0x30 build/../../libmaple/libmaple/dma.o
 .data.DMA1     0x20000c94        0x4 build/../../libmaple/libmaple/dma.o
                0x20000c94                DMA1
 .data.DMA2     0x20000c98        0x4 build/../../libmaple/libmaple/dma.o
                0x20000c98                DMA2
 .data.exti_channels
                0x20000c9c       0x80 build/../../libmaple/libmaple/exti.o
 .data.gpioa    0x20000d1c        0x8 build/../../libmaple/libmaple/gpio.o
                0x20000d1c                gpioa
 .data.gpiob    0x20000d24        0x8 build/../../libmaple/libmaple/gpio.o
                0x20000d24                gpiob
 .data.gpioc    0x20000d2c        0x8 build/../../libmaple/libmaple/gpio.o
                0x20000d2c                gpioc
 .data.gpiod    0x20000d34        0x8 build/../../libmaple/libmaple/gpio.o
                0x20000d34                gpiod
 .data.i2c_dev1
                0x20000d3c       0x1c build/../../libmaple/libmaple/i2c.o
 .data.i2c_dev2
                0x20000d58       0x1c build/../../libmaple/libmaple/i2c.o
 .data.timer3   0x20000d74       0x24 build/../../libmaple/libmaple/timer.o
 .data.timer4   0x20000d98       0x24 build/../../libmaple/libmaple/timer.o
 .data.timer5   0x20000dbc       0x24 build/../../libmaple/libmaple/timer.o
 .data.timer6   0x20000de0        0xc build/../../libmaple/libmaple/timer.o
 .data.timer7   0x20000dec        0xc build/../../libmaple/libmaple/timer.o
 .data.timer8   0x20000df8       0x28 build/../../libmaple/libmaple/timer.o
 .data.TIMER1   0x20000e20        0x4 build/../../libmaple/libmaple/timer.o
                0x20000e20                TIMER1
 .data.TIMER2   0x20000e24        0x4 build/../../libmaple/libmaple/timer.o
                0x20000e24                TIMER2
 .data.TIMER3   0x20000e28        0x4 build/../../libmaple/libmaple/timer.o
                0x20000e28                TIMER3
 .data.TIMER4   0x20000e2c        0x4 build/../../libmaple/libmaple/timer.o
                0x20000e2c                TIMER4
 .data.TIMER5   0x20000e30        0x4 build/../../libmaple/libmaple/timer.o
                0x20000e30                TIMER5
 .data.TIMER6   0x20000e34        0x4 build/../../libmaple/libmaple/timer.o
                0x20000e34                TIMER6
 .data.TIMER7   0x20000e38        0x4 build/../../libmaple/libmaple/timer.o
                0x20000e38                TIMER7
 .data.TIMER8   0x20000e3c        0x4 build/../../libmaple/libmaple/timer.o
                0x20000e3c                TIMER8
 .data.timer1   0x20000e40       0x28 build/../../libmaple/libmaple/timer.o
 .data.timer2   0x20000e68       0x24 build/../../libmaple/libmaple/timer.o
 .data.uart4    0x20000e8c       0x50 build/../../libmaple/libmaple/usart.o
 .data.USART1   0x20000edc        0x4 build/../../libmaple/libmaple/usart.o
                0x20000edc                USART1
 .data.USART2   0x20000ee0        0x4 build/../../libmaple/libmaple/usart.o
                0x20000ee0                USART2
 .data.USART3   0x20000ee4        0x4 build/../../libmaple/libmaple/usart.o
                0x20000ee4                USART3
 .data.usart1   0x20000ee8       0x50 build/../../libmaple/libmaple/usart.o
 .data.usart2   0x20000f38       0x50 build/../../libmaple/libmaple/usart.o
 .data.usart3   0x20000f88       0x50 build/../../libmaple/libmaple/usart.o
 .data.uart5    0x20000fd8       0x50 build/../../libmaple/libmaple/usart.o
 .data.UART4    0x20001028        0x4 build/../../libmaple/libmaple/usart.o
                0x20001028                UART4
 .data.UART5    0x2000102c        0x4 build/../../libmaple/libmaple/usart.o
                0x2000102c                UART5
 .data.USBLIB   0x20001030        0x4 build/../../libmaple/libmaple/usb/usb.o
                0x20001030                USBLIB
 .data.usblib   0x20001034       0x10 build/../../libmaple/libmaple/usb/usb.o
 .data.Device_Descriptor
                0x20001044        0x8 build/../../libmaple/libmaple/usb/usb_cdcacm.o
                0x20001044                Device_Descriptor
 .data.Config_Descriptor
                0x2000104c        0x8 build/../../libmaple/libmaple/usb/usb_cdcacm.o
                0x2000104c                Config_Descriptor
 .data.maxNewBytes
                0x20001054        0x4 build/../../libmaple/libmaple/usb/usb_cdcacm.o
                0x20001054                maxNewBytes
 .data.line_coding
                0x20001058        0x8 build/../../libmaple/libmaple/usb/usb_cdcacm.o
                0x20001058                line_coding
 .data.String_Descriptor
                0x20001060       0x18 build/../../libmaple/libmaple/usb/usb_cdcacm.o
                0x20001060                String_Descriptor
 .data.Device_Property
                0x20001078       0x30 build/../../libmaple/libmaple/usb/usb_cdcacm.o
                0x20001078                Device_Property
 .data.Device_Table
                0x200010a8        0x4 build/../../libmaple/libmaple/usb/usb_cdcacm.o
                0x200010a8                Device_Table
 .data.PIN_MAP  0x200010ac      0x2c0 build/../../libmaple/wirish/boards/maple_RET6.o
                0x200010ac                PIN_MAP
 .data.i2c_delay
                0x2000136c        0x4 build/../../libmaple/libraries/Wire/Wire.o
                0x2000136c                i2c_delay
 .data.uxPreviousTask
                0x20001370        0x4 build/../../libmaple/libraries/FreeRTOS/utility/tasks.o
 .data.IROneBufferFront
                0x20001374        0x4 build/Infrareds.o
                0x20001374                IROneBufferFront
 .data.IRSixBufferFront
                0x20001378        0x4 build/Infrareds.o
                0x20001378                IRSixBufferFront
 .data.IRTwoBufferFront
                0x2000137c        0x4 build/Infrareds.o
                0x2000137c                IRTwoBufferFront
 .data.IRFiveBufferFront
                0x20001380        0x4 build/Infrareds.o
                0x20001380                IRFiveBufferFront
 .data.IRFourBufferFront
                0x20001384        0x4 build/Infrareds.o
                0x20001384                IRFourBufferFront
 .data.IRThreeBufferFront
                0x20001388        0x4 build/Infrareds.o
                0x20001388                IRThreeBufferFront
 .data.overSampleBits
                0x2000138c        0x1 build/Ultrasonics.o
                0x2000138c                overSampleBits
 .data.sampleUltraOneHuh
                0x2000138d        0x1 build/Ultrasonics.o
                0x2000138d                sampleUltraOneHuh
 *fill*         0x2000138e        0x2 00
 .data.doshit   0x20001390        0x4 build/main.o
                0x20001390                doshit
                [0x20001a38]                _lm_heap_start = DEFINED (_lm_heap_start)?_lm_heap_start:_end
                [0x20010000]                _lm_heap_end = DEFINED (_lm_heap_end)?_lm_heap_end:__cs3_stack
                0x20001398                . = ALIGN (0x8)
 *fill*         0x20001394        0x4 00
                0x20001398                _edata = .

.jcr            0x20001398        0x0 load address 0x080091e8
 .jcr           0x20001398        0x0 /Users/alexanderryan/Programming/SmartMouse/MapleCode/arm/bin/../lib/gcc/arm-none-eabi/4.4.1/thumb2/crtbegin.o

.bss            0x20001398      0x6a0 load address 0x080091e8
 *(.bss .bss.* .gnu.linkonce.b.*)
 .bss           0x20001398        0x1 /Users/alexanderryan/Programming/SmartMouse/MapleCode/arm/bin/../lib/gcc/arm-none-eabi/4.4.1/thumb2/crtbegin.o
 *fill*         0x20001399        0x3 00
 .bss.systick_user_callback
                0x2000139c        0x4 build/../../libmaple/libmaple/systick.o
 .bss.usart1_rb
                0x200013a0        0xc build/../../libmaple/libmaple/usart.o
 .bss.usart2_rb
                0x200013ac        0xc build/../../libmaple/libmaple/usart.o
 .bss.usart3_rb
                0x200013b8        0xc build/../../libmaple/libmaple/usart.o
 .bss.uart4_rb  0x200013c4        0xc build/../../libmaple/libmaple/usart.o
 .bss.uart5_rb  0x200013d0        0xc build/../../libmaple/libmaple/usart.o
 .bss.line_dtr_rts
                0x200013dc        0x1 build/../../libmaple/libmaple/usb/usb_cdcacm.o
                0x200013dc                line_dtr_rts
 *fill*         0x200013dd        0x3 00
 .bss.recvBufOut
                0x200013e0        0x4 build/../../libmaple/libmaple/usb/usb_cdcacm.o
                0x200013e0                recvBufOut
 .bss.reset_state
                0x200013e4        0x1 build/../../libmaple/libmaple/usb/usb_cdcacm.o
                0x200013e4                reset_state
 *fill*         0x200013e5        0x3 00
 .bss.countTx   0x200013e8        0x4 build/../../libmaple/libmaple/usb/usb_cdcacm.o
                0x200013e8                countTx
 .bss.last_request
                0x200013ec        0x1 build/../../libmaple/libmaple/usb/usb_cdcacm.o
                0x200013ec                last_request
 *fill*         0x200013ed        0x3 00
 .bss.recvBufIn
                0x200013f0        0x4 build/../../libmaple/libmaple/usb/usb_cdcacm.o
                0x200013f0                recvBufIn
 .bss.Data_Mul_MaxPacketSize
                0x200013f4        0x1 build/../../libmaple/libmaple/usb/usb_lib/usb_core.o
                0x200013f4                Data_Mul_MaxPacketSize
 *fill*         0x200013f5        0x3 00
 .bss.Serial1   0x200013f8       0x10 build/../../libmaple/wirish/comm/HardwareSerial.o
                0x200013f8                Serial1
 .bss.Serial2   0x20001408       0x10 build/../../libmaple/wirish/comm/HardwareSerial.o
                0x20001408                Serial2
 .bss.Serial3   0x20001418       0x10 build/../../libmaple/wirish/comm/HardwareSerial.o
                0x20001418                Serial3
 .bss.Timer1    0x20001428        0x4 build/../../libmaple/wirish/HardwareTimer.o
                0x20001428                Timer1
 .bss.Timer2    0x2000142c        0x4 build/../../libmaple/wirish/HardwareTimer.o
                0x2000142c                Timer2
 .bss.Timer3    0x20001430        0x4 build/../../libmaple/wirish/HardwareTimer.o
                0x20001430                Timer3
 .bss.Timer4    0x20001434        0x4 build/../../libmaple/wirish/HardwareTimer.o
                0x20001434                Timer4
 .bss.Timer5    0x20001438        0x4 build/../../libmaple/wirish/HardwareTimer.o
                0x20001438                Timer5
 .bss.Timer6    0x2000143c        0x4 build/../../libmaple/wirish/HardwareTimer.o
                0x2000143c                Timer6
 .bss.Timer7    0x20001440        0x4 build/../../libmaple/wirish/HardwareTimer.o
                0x20001440                Timer7
 .bss.Timer8    0x20001444        0x4 build/../../libmaple/wirish/HardwareTimer.o
                0x20001444                Timer8
 .bss.SerialUSB
                0x20001448        0x4 build/../../libmaple/wirish/usb_serial.o
                0x20001448                SerialUSB
 .bss.Wire      0x2000144c       0x48 build/../../libmaple/libraries/Wire/Wire.o
                0x2000144c                Wire
 .bss.uxTopReadyPriority
                0x20001494        0x4 build/../../libmaple/libraries/FreeRTOS/utility/tasks.o
 .bss.xTickCount
                0x20001498        0x4 build/../../libmaple/libraries/FreeRTOS/utility/tasks.o
 .bss.pxReadyTasksLists
                0x2000149c       0x64 build/../../libmaple/libraries/FreeRTOS/utility/tasks.o
 .bss.xTracing  0x20001500        0x4 build/../../libmaple/libraries/FreeRTOS/utility/tasks.o
 .bss.xMissedYield
                0x20001504        0x4 build/../../libmaple/libraries/FreeRTOS/utility/tasks.o
 .bss.pcTraceBuffer
                0x20001508        0x4 build/../../libmaple/libraries/FreeRTOS/utility/tasks.o
 .bss.pxCurrentTCB
                0x2000150c        0x4 build/../../libmaple/libraries/FreeRTOS/utility/tasks.o
                0x2000150c                pxCurrentTCB
 .bss.uxSchedulerSuspended
                0x20001510        0x4 build/../../libmaple/libraries/FreeRTOS/utility/tasks.o
 .bss.pcTraceBufferEnd
                0x20001514        0x4 build/../../libmaple/libraries/FreeRTOS/utility/tasks.o
 .bss.infraredFiveBuffer
                0x20001518       0xc8 build/Infrareds.o
                0x20001518                infraredFiveBuffer
 .bss.IRTimer   0x200015e0        0x4 build/Infrareds.o
                0x200015e0                IRTimer
 .bss.OverSampleBits
                0x200015e4        0x1 build/Infrareds.o
                0x200015e4                OverSampleBits
 *fill*         0x200015e5        0x3 00
 .bss.infraredOneBuffer
                0x200015e8       0xc8 build/Infrareds.o
                0x200015e8                infraredOneBuffer
 .bss.infraredTwoBuffer
                0x200016b0       0xc8 build/Infrareds.o
                0x200016b0                infraredTwoBuffer
 .bss.infraredFourBuffer
                0x20001778       0xc8 build/Infrareds.o
                0x20001778                infraredFourBuffer
 .bss.infraredSixBuffer
                0x20001840       0xc8 build/Infrareds.o
                0x20001840                infraredSixBuffer
 .bss.infraredThreeBuffer
                0x20001908       0xc8 build/Infrareds.o
                0x20001908                infraredThreeBuffer
 .bss.ultrasonicTimer
                0x200019d0        0x4 build/Ultrasonics.o
                0x200019d0                ultrasonicTimer
 .bss.mostRecentUltrasonicRangeOne
                0x200019d4        0x4 build/Ultrasonics.o
                0x200019d4                mostRecentUltrasonicRangeOne
 .bss.mostRecentOversampleReadingTwo
                0x200019d8        0x4 build/Ultrasonics.o
                0x200019d8                mostRecentOversampleReadingTwo
 .bss.mostRecentOversampleReadingOne
                0x200019dc        0x4 build/Ultrasonics.o
                0x200019dc                mostRecentOversampleReadingOne
 .bss.mostRecentUltrasonicVoltageTwo
                0x200019e0        0x4 build/Ultrasonics.o
                0x200019e0                mostRecentUltrasonicVoltageTwo
 .bss.lastADCOneReadMicros
                0x200019e4        0x4 build/Ultrasonics.o
                0x200019e4                lastADCOneReadMicros
 .bss.lastADCTwoReadMicros
                0x200019e8        0x4 build/Ultrasonics.o
                0x200019e8                lastADCTwoReadMicros
 .bss.mostRecentUltrasonicVoltageOne
                0x200019ec        0x4 build/Ultrasonics.o
                0x200019ec                mostRecentUltrasonicVoltageOne
 .bss.mostRecentUltrasonicRangeTwo
                0x200019f0        0x4 build/Ultrasonics.o
                0x200019f0                mostRecentUltrasonicRangeTwo
 *(COMMON)
 COMMON         0x200019f4        0x4 build/../../libmaple/libmaple/systick.o
                0x200019f4                systick_uptime_millis
 COMMON         0x200019f8        0x6 build/../../libmaple/libmaple/usb/usb.o
                0x200019f8                SaveRState
                0x200019fa                SaveTState
                0x200019fc                ResumeS
 *fill*         0x200019fe        0x2 00
 COMMON         0x20001a00        0x2 build/../../libmaple/libmaple/usb/usb_lib/usb_core.o
                0x20001a00                StatusInfo
 *fill*         0x20001a02        0x2 00
 COMMON         0x20001a04       0x32 build/../../libmaple/libmaple/usb/usb_lib/usb_init.o
                0x20001a04                SaveState
                0x20001a08                pProperty
                0x20001a0c                EPindex
                0x20001a10                Device_Info
                0x20001a2c                pUser_Standard_Requests
                0x20001a30                pInformation
                0x20001a34                wInterrupt_Mask
                0x20001a38                . = ALIGN (0x8)
 *fill*         0x20001a36        0x2 00
                0x20001a38                _end = .
                0x08005000                __cs3_region_init_ram = DEFINED (_FLASH_BUILD)?LOADADDR (.data):LOADADDR (.text)
                0x17ffc398                __cs3_region_init_size_ram = DEFINED (_FLASH_BUILD)?(_edata - ADDR (.data)):(_edata - ADDR (.text))
                0x000006a0                __cs3_region_zero_size_ram = (_end - _edata)
                0x00000001                __cs3_region_num = 0x1

.stab
 *(.stab)

.stabstr
 *(.stabstr)

.debug
 *(.debug)

.line
 *(.line)

.debug_srcinfo
 *(.debug_srcinfo)

.debug_sfnames
 *(.debug_sfnames)

.comment        0x00000000      0x70e
 .comment       0x00000000       0x12 /Users/alexanderryan/Programming/SmartMouse/MapleCode/arm/bin/../lib/gcc/arm-none-eabi/4.4.1/thumb2/crtbegin.o
 .comment       0x00000012       0x12 build/../../libmaple/libmaple/adc.o
 .comment       0x00000024       0x12 build/../../libmaple/libmaple/bkp.o
 .comment       0x00000036       0x12 build/../../libmaple/libmaple/dac.o
 .comment       0x00000048       0x12 build/../../libmaple/libmaple/dma.o
 .comment       0x0000005a       0x12 build/../../libmaple/libmaple/exti.o
 .comment       0x0000006c       0x12 build/../../libmaple/libmaple/flash.o
 .comment       0x0000007e       0x12 build/../../libmaple/libmaple/fsmc.o
 .comment       0x00000090       0x12 build/../../libmaple/libmaple/gpio.o
 .comment       0x000000a2       0x12 build/../../libmaple/libmaple/iwdg.o
 .comment       0x000000b4       0x12 build/../../libmaple/libmaple/nvic.o
 .comment       0x000000c6       0x12 build/../../libmaple/libmaple/pwr.o
 .comment       0x000000d8       0x12 build/../../libmaple/libmaple/i2c.o
 .comment       0x000000ea       0x12 build/../../libmaple/libmaple/rcc.o
 .comment       0x000000fc       0x12 build/../../libmaple/libmaple/spi.o
 .comment       0x0000010e       0x12 build/../../libmaple/libmaple/syscalls.o
 .comment       0x00000120       0x12 build/../../libmaple/libmaple/systick.o
 .comment       0x00000132       0x12 build/../../libmaple/libmaple/timer.o
 .comment       0x00000144       0x12 build/../../libmaple/libmaple/usart.o
 .comment       0x00000156       0x12 build/../../libmaple/libmaple/util.o
 .comment       0x00000168       0x12 build/../../libmaple/libmaple/usb/usb.o
 .comment       0x0000017a       0x12 build/../../libmaple/libmaple/usb/usb_reg_map.o
 .comment       0x0000018c       0x12 build/../../libmaple/libmaple/usb/usb_cdcacm.o
 .comment       0x0000019e       0x12 build/../../libmaple/libmaple/usb/usb_lib/usb_core.o
 .comment       0x000001b0       0x12 build/../../libmaple/libmaple/usb/usb_lib/usb_init.o
 .comment       0x000001c2       0x12 build/../../libmaple/libmaple/usb/usb_lib/usb_mem.o
 .comment       0x000001d4       0x12 build/../../libmaple/libmaple/usb/usb_lib/usb_regs.o
 .comment       0x000001e6       0x12 build/../../libmaple/wirish/wirish_math.o
 .comment       0x000001f8       0x12 build/../../libmaple/wirish/Print.o
 .comment       0x0000020a       0x12 build/../../libmaple/wirish/boards.o
 .comment       0x0000021c       0x12 build/../../libmaple/wirish/boards/maple.o
 .comment       0x0000022e       0x12 build/../../libmaple/wirish/boards/maple_mini.o
 .comment       0x00000240       0x12 build/../../libmaple/wirish/boards/maple_native.o
 .comment       0x00000252       0x12 build/../../libmaple/wirish/boards/maple_RET6.o
 .comment       0x00000264       0x12 build/../../libmaple/wirish/boards/olimex_stm32_h103.o
 .comment       0x00000276       0x12 build/../../libmaple/wirish/comm/HardwareSerial.o
 .comment       0x00000288       0x12 build/../../libmaple/wirish/comm/HardwareSPI.o
 .comment       0x0000029a       0x12 build/../../libmaple/wirish/HardwareTimer.o
 .comment       0x000002ac       0x12 build/../../libmaple/wirish/usb_serial.o
 .comment       0x000002be       0x12 build/../../libmaple/wirish/cxxabi-compat.o
 .comment       0x000002d0       0x12 build/../../libmaple/wirish/wirish_shift.o
 .comment       0x000002e2       0x12 build/../../libmaple/wirish/wirish_analog.o
 .comment       0x000002f4       0x12 build/../../libmaple/wirish/wirish_time.o
 .comment       0x00000306       0x12 build/../../libmaple/wirish/pwm.o
 .comment       0x00000318       0x12 build/../../libmaple/wirish/ext_interrupts.o
 .comment       0x0000032a       0x12 build/../../libmaple/wirish/wirish_digital.o
 .comment       0x0000033c       0x12 build/../../libmaple/libraries/Servo/Servo.o
 .comment       0x0000034e       0x12 build/../../libmaple/libraries/LiquidCrystal/LiquidCrystal.o
 .comment       0x00000360       0x12 build/../../libmaple/libraries/Wire/Wire.o
 .comment       0x00000372       0x12 build/../../libmaple/libraries/FreeRTOS/utility/croutine.o
 .comment       0x00000384       0x12 build/../../libmaple/libraries/FreeRTOS/utility/heap_2.o
 .comment       0x00000396       0x12 build/../../libmaple/libraries/FreeRTOS/utility/list.o
 .comment       0x000003a8       0x12 build/../../libmaple/libraries/FreeRTOS/utility/port.o
 .comment       0x000003ba       0x12 build/../../libmaple/libraries/FreeRTOS/utility/queue.o
 .comment       0x000003cc       0x12 build/../../libmaple/libraries/FreeRTOS/utility/timers.o
 .comment       0x000003de       0x12 build/../../libmaple/libraries/FreeRTOS/utility/tasks.o
 .comment       0x000003f0       0x12 build/../../libmaple/libraries/FreeRTOS/MapleFreeRTOS.o
 .comment       0x00000402       0x12 build/IO.o
 .comment       0x00000414       0x12 build/Infrareds.o
 .comment       0x00000426       0x12 build/Sensors.o
 .comment       0x00000438       0x12 build/Ultrasonics.o
 .comment       0x0000044a       0x12 build/main.o
 .comment       0x0000045c       0x12 build/DriveControl.o
 .comment       0x0000046e       0x12 build/MiceSensors.o
 .comment       0x00000480       0x12 /Users/alexanderryan/Programming/SmartMouse/MapleCode/arm/bin/../lib/gcc/arm-none-eabi/4.4.1/thumb2/libgcc.a(_fixdfdi.o)
 .comment       0x00000492       0x12 /Users/alexanderryan/Programming/SmartMouse/MapleCode/arm/bin/../lib/gcc/arm-none-eabi/4.4.1/thumb2/libgcc.a(_fixunsdfdi.o)
 .comment       0x000004a4       0x12 /Users/alexanderryan/Programming/SmartMouse/MapleCode/arm/bin/../lib/gcc/arm-none-eabi/4.4.1/thumb2/libgcc.a(bpabi.o)
 .comment       0x000004b6       0x12 /Users/alexanderryan/Programming/SmartMouse/MapleCode/arm/bin/../lib/gcc/arm-none-eabi/4.4.1/thumb2/libgcc.a(_divdi3.o)
 .comment       0x000004c8       0x12 /Users/alexanderryan/Programming/SmartMouse/MapleCode/arm/bin/../lib/gcc/arm-none-eabi/4.4.1/thumb2/libgcc.a(_udivdi3.o)
 .comment       0x000004da       0x12 /Users/alexanderryan/Programming/SmartMouse/MapleCode/arm/bin/../lib/gcc/arm-none-eabi/4.4.1/../../../../arm-none-eabi/lib/thumb2/libc.a(lib_a-errno.o)
 .comment       0x000004ec       0x12 /Users/alexanderryan/Programming/SmartMouse/MapleCode/arm/bin/../lib/gcc/arm-none-eabi/4.4.1/../../../../arm-none-eabi/lib/thumb2/libc.a(lib_a-impure.o)
 .comment       0x000004fe       0x12 /Users/alexanderryan/Programming/SmartMouse/MapleCode/arm/bin/../lib/gcc/arm-none-eabi/4.4.1/../../../../arm-none-eabi/lib/thumb2/libc.a(lib_a-memcmp.o)
 .comment       0x00000510       0x12 /Users/alexanderryan/Programming/SmartMouse/MapleCode/arm/bin/../lib/gcc/arm-none-eabi/4.4.1/../../../../arm-none-eabi/lib/thumb2/libc.a(lib_a-memcpy.o)
 .comment       0x00000522       0x12 /Users/alexanderryan/Programming/SmartMouse/MapleCode/arm/bin/../lib/gcc/arm-none-eabi/4.4.1/../../../../arm-none-eabi/lib/thumb2/libc.a(lib_a-memset.o)
 .comment       0x00000534       0x12 /Users/alexanderryan/Programming/SmartMouse/MapleCode/arm/bin/../lib/gcc/arm-none-eabi/4.4.1/../../../../arm-none-eabi/lib/thumb2/libc.a(lib_a-rand.o)
 .comment       0x00000546       0x12 /Users/alexanderryan/Programming/SmartMouse/MapleCode/arm/bin/../lib/gcc/arm-none-eabi/4.4.1/../../../../arm-none-eabi/lib/thumb2/libc.a(lib_a-sprintf.o)
 .comment       0x00000558       0x12 /Users/alexanderryan/Programming/SmartMouse/MapleCode/arm/bin/../lib/gcc/arm-none-eabi/4.4.1/../../../../arm-none-eabi/lib/thumb2/libc.a(lib_a-strcat.o)
 .comment       0x0000056a       0x12 /Users/alexanderryan/Programming/SmartMouse/MapleCode/arm/bin/../lib/gcc/arm-none-eabi/4.4.1/../../../../arm-none-eabi/lib/thumb2/libc.a(lib_a-strlen.o)
 .comment       0x0000057c       0x12 /Users/alexanderryan/Programming/SmartMouse/MapleCode/arm/bin/../lib/gcc/arm-none-eabi/4.4.1/../../../../arm-none-eabi/lib/thumb2/libc.a(lib_a-strncpy.o)
 .comment       0x0000058e       0x12 /Users/alexanderryan/Programming/SmartMouse/MapleCode/arm/bin/../lib/gcc/arm-none-eabi/4.4.1/../../../../arm-none-eabi/lib/thumb2/libc.a(lib_a-svfprintf.o)
 .comment       0x000005a0       0x12 /Users/alexanderryan/Programming/SmartMouse/MapleCode/arm/bin/../lib/gcc/arm-none-eabi/4.4.1/../../../../arm-none-eabi/lib/thumb2/libc.a(lib_a-dtoa.o)
 .comment       0x000005b2       0x12 /Users/alexanderryan/Programming/SmartMouse/MapleCode/arm/bin/../lib/gcc/arm-none-eabi/4.4.1/../../../../arm-none-eabi/lib/thumb2/libc.a(lib_a-freer.o)
 .comment       0x000005c4       0x12 /Users/alexanderryan/Programming/SmartMouse/MapleCode/arm/bin/../lib/gcc/arm-none-eabi/4.4.1/../../../../arm-none-eabi/lib/thumb2/libc.a(lib_a-locale.o)
 .comment       0x000005d6       0x12 /Users/alexanderryan/Programming/SmartMouse/MapleCode/arm/bin/../lib/gcc/arm-none-eabi/4.4.1/../../../../arm-none-eabi/lib/thumb2/libc.a(lib_a-malloc.o)
 .comment       0x000005e8       0x12 /Users/alexanderryan/Programming/SmartMouse/MapleCode/arm/bin/../lib/gcc/arm-none-eabi/4.4.1/../../../../arm-none-eabi/lib/thumb2/libc.a(lib_a-mallocr.o)
 .comment       0x000005fa       0x12 /Users/alexanderryan/Programming/SmartMouse/MapleCode/arm/bin/../lib/gcc/arm-none-eabi/4.4.1/../../../../arm-none-eabi/lib/thumb2/libc.a(lib_a-memchr.o)
 .comment       0x0000060c       0x12 /Users/alexanderryan/Programming/SmartMouse/MapleCode/arm/bin/../lib/gcc/arm-none-eabi/4.4.1/../../../../arm-none-eabi/lib/thumb2/libc.a(lib_a-memmove.o)
 .comment       0x0000061e       0x12 /Users/alexanderryan/Programming/SmartMouse/MapleCode/arm/bin/../lib/gcc/arm-none-eabi/4.4.1/../../../../arm-none-eabi/lib/thumb2/libc.a(lib_a-mlock.o)
 .comment       0x00000630       0x12 /Users/alexanderryan/Programming/SmartMouse/MapleCode/arm/bin/../lib/gcc/arm-none-eabi/4.4.1/../../../../arm-none-eabi/lib/thumb2/libc.a(lib_a-mprec.o)
 .comment       0x00000642       0x12 /Users/alexanderryan/Programming/SmartMouse/MapleCode/arm/bin/../lib/gcc/arm-none-eabi/4.4.1/../../../../arm-none-eabi/lib/thumb2/libc.a(lib_a-reallocr.o)
 .comment       0x00000654       0x12 /Users/alexanderryan/Programming/SmartMouse/MapleCode/arm/bin/../lib/gcc/arm-none-eabi/4.4.1/../../../../arm-none-eabi/lib/thumb2/libc.a(lib_a-s_isinfd.o)
 .comment       0x00000666       0x12 /Users/alexanderryan/Programming/SmartMouse/MapleCode/arm/bin/../lib/gcc/arm-none-eabi/4.4.1/../../../../arm-none-eabi/lib/thumb2/libc.a(lib_a-s_isnand.o)
 .comment       0x00000678       0x12 /Users/alexanderryan/Programming/SmartMouse/MapleCode/arm/bin/../lib/gcc/arm-none-eabi/4.4.1/../../../../arm-none-eabi/lib/thumb2/libc.a(lib_a-sbrkr.o)
 .comment       0x0000068a       0x12 /Users/alexanderryan/Programming/SmartMouse/MapleCode/arm/bin/../lib/gcc/arm-none-eabi/4.4.1/../../../../arm-none-eabi/lib/thumb2/libc.a(lib_a-strcmp.o)
 .comment       0x0000069c       0x12 /Users/alexanderryan/Programming/SmartMouse/MapleCode/arm/bin/../lib/gcc/arm-none-eabi/4.4.1/../../../../arm-none-eabi/lib/thumb2/libc.a(lib_a-callocr.o)
 .comment       0x000006ae       0x12 /Users/alexanderryan/Programming/SmartMouse/MapleCode/arm/bin/../lib/gcc/arm-none-eabi/4.4.1/../../../../arm-none-eabi/lib/thumb2/libc.a(lib_a-reent.o)
 .comment       0x000006c0       0x12 /Users/alexanderryan/Programming/SmartMouse/MapleCode/arm/bin/../lib/gcc/arm-none-eabi/4.4.1/thumb2/crtend.o
 .comment       0x000006d2       0x2a ../../libmaple/support/ld/libcs3_stm32_high_density.a(start_c.o)
                                 0x2b (size before relaxing)
 .comment       0x000006fc       0x12 /Users/alexanderryan/Programming/SmartMouse/MapleCode/arm/bin/../lib/gcc/arm-none-eabi/4.4.1/../../../../arm-none-eabi/lib/thumb2/libc.a(lib_a-init.o)

.debug_aranges  0x00000000     0x1ac8
 *(.debug_aranges)
 .debug_aranges
                0x00000000       0x28 /Users/alexanderryan/Programming/SmartMouse/MapleCode/arm/bin/../lib/gcc/arm-none-eabi/4.4.1/thumb2/crti.o
 .debug_aranges
                0x00000028       0x50 build/../../libmaple/libmaple/adc.o
 .debug_aranges
                0x00000078       0x50 build/../../libmaple/libmaple/bkp.o
 .debug_aranges
                0x000000c8       0x38 build/../../libmaple/libmaple/dac.o
 .debug_aranges
                0x00000100       0xf0 build/../../libmaple/libmaple/dma.o
 .debug_aranges
                0x000001f0       0x80 build/../../libmaple/libmaple/exti.o
 .debug_aranges
                0x00000270       0x28 build/../../libmaple/libmaple/flash.o
 .debug_aranges
                0x00000298       0x20 build/../../libmaple/libmaple/fsmc.o
 .debug_aranges
                0x000002b8       0x48 build/../../libmaple/libmaple/gpio.o
 .debug_aranges
                0x00000300       0x28 build/../../libmaple/libmaple/iwdg.o
 .debug_aranges
                0x00000328       0x38 build/../../libmaple/libmaple/nvic.o
 .debug_aranges
                0x00000360       0x20 build/../../libmaple/libmaple/pwr.o
 .debug_aranges
                0x00000380       0xb8 build/../../libmaple/libmaple/i2c.o
 .debug_aranges
                0x00000438       0x48 build/../../libmaple/libmaple/rcc.o
 .debug_aranges
                0x00000480       0x88 build/../../libmaple/libmaple/spi.o
 .debug_aranges
                0x00000508       0x80 build/../../libmaple/libmaple/syscalls.o
 .debug_aranges
                0x00000588       0x40 build/../../libmaple/libmaple/systick.o
 .debug_aranges
                0x000005c8      0x118 build/../../libmaple/libmaple/timer.o
 .debug_aranges
                0x000006e0       0x90 build/../../libmaple/libmaple/usart.o
 .debug_aranges
                0x00000770       0x70 build/../../libmaple/libmaple/util.o
 .debug_aranges
                0x000007e0       0x78 build/../../libmaple/libmaple/usb/usb.o
 .debug_aranges
                0x00000858       0x38 build/../../libmaple/libmaple/usb/usb_reg_map.o
 .debug_aranges
                0x00000890      0x100 build/../../libmaple/libmaple/usb/usb_cdcacm.o
 .debug_aranges
                0x00000990       0x98 build/../../libmaple/libmaple/usb/usb_lib/usb_core.o
 .debug_aranges
                0x00000a28       0x20 build/../../libmaple/libmaple/usb/usb_lib/usb_init.o
 .debug_aranges
                0x00000a48       0x28 build/../../libmaple/libmaple/usb/usb_lib/usb_mem.o
 .debug_aranges
                0x00000a70      0x1f0 build/../../libmaple/libmaple/usb/usb_lib/usb_regs.o
 .debug_aranges
                0x00000c60       0x30 build/../../libmaple/wirish/wirish_math.o
 .debug_aranges
                0x00000c90       0xe0 build/../../libmaple/wirish/Print.o
 .debug_aranges
                0x00000d70       0x40 build/../../libmaple/wirish/boards.o
 .debug_aranges
                0x00000db0       0x28 build/../../libmaple/wirish/boards/maple_RET6.o
 .debug_aranges
                0x00000dd8       0x68 build/../../libmaple/wirish/comm/HardwareSerial.o
 .debug_aranges
                0x00000e40       0xd0 build/../../libmaple/wirish/comm/HardwareSPI.o
 .debug_aranges
                0x00000f10       0xb0 build/../../libmaple/wirish/HardwareTimer.o
 .debug_aranges
                0x00000fc0       0x98 build/../../libmaple/wirish/usb_serial.o
 .debug_aranges
                0x00001058       0x20 build/../../libmaple/wirish/cxxabi-compat.o
 .debug_aranges
                0x00001078       0x20 build/../../libmaple/wirish/wirish_shift.o
 .debug_aranges
                0x00001098       0x20 build/../../libmaple/wirish/wirish_analog.o
 .debug_aranges
                0x000010b8       0x28 build/../../libmaple/wirish/wirish_time.o
 .debug_aranges
                0x000010e0       0x20 build/../../libmaple/wirish/pwm.o
 .debug_aranges
                0x00001100       0x28 build/../../libmaple/wirish/ext_interrupts.o
 .debug_aranges
                0x00001128       0x48 build/../../libmaple/wirish/wirish_digital.o
 .debug_aranges
                0x00001170       0x78 build/../../libmaple/libraries/Servo/Servo.o
 .debug_aranges
                0x000011e8      0x120 build/../../libmaple/libraries/LiquidCrystal/LiquidCrystal.o
 .debug_aranges
                0x00001308       0xe8 build/../../libmaple/libraries/Wire/Wire.o
 .debug_aranges
                0x000013f0       0x38 build/../../libmaple/libraries/FreeRTOS/utility/croutine.o
 .debug_aranges
                0x00001428       0x38 build/../../libmaple/libraries/FreeRTOS/utility/heap_2.o
 .debug_aranges
                0x00001460       0x40 build/../../libmaple/libraries/FreeRTOS/utility/list.o
 .debug_aranges
                0x000014a0       0x68 build/../../libmaple/libraries/FreeRTOS/utility/port.o
 .debug_aranges
                0x00001508       0xa0 build/../../libmaple/libraries/FreeRTOS/utility/queue.o
 .debug_aranges
                0x000015a8      0x120 build/../../libmaple/libraries/FreeRTOS/utility/tasks.o
 .debug_aranges
                0x000016c8       0x20 build/../../libmaple/libraries/FreeRTOS/MapleFreeRTOS.o
 .debug_aranges
                0x000016e8       0x20 build/IO.o
 .debug_aranges
                0x00001708       0xb0 build/Infrareds.o
 .debug_aranges
                0x000017b8       0x20 build/Sensors.o
 .debug_aranges
                0x000017d8       0x60 build/Ultrasonics.o
 .debug_aranges
                0x00001838       0x50 build/main.o
 .debug_aranges
                0x00001888       0x38 build/DriveControl.o
 .debug_aranges
                0x000018c0       0x20 build/MiceSensors.o
 .debug_aranges
                0x000018e0       0x20 /Users/alexanderryan/Programming/SmartMouse/MapleCode/arm/bin/../lib/gcc/arm-none-eabi/4.4.1/thumb2/libgcc.a(_arm_addsubdf3.o)
 .debug_aranges
                0x00001900       0x20 /Users/alexanderryan/Programming/SmartMouse/MapleCode/arm/bin/../lib/gcc/arm-none-eabi/4.4.1/thumb2/libgcc.a(_arm_muldivdf3.o)
 .debug_aranges
                0x00001920       0x20 /Users/alexanderryan/Programming/SmartMouse/MapleCode/arm/bin/../lib/gcc/arm-none-eabi/4.4.1/thumb2/libgcc.a(_arm_cmpdf2.o)
 .debug_aranges
                0x00001940       0x20 /Users/alexanderryan/Programming/SmartMouse/MapleCode/arm/bin/../lib/gcc/arm-none-eabi/4.4.1/thumb2/libgcc.a(_arm_fixdfsi.o)
 .debug_aranges
                0x00001960       0x20 /Users/alexanderryan/Programming/SmartMouse/MapleCode/arm/bin/../lib/gcc/arm-none-eabi/4.4.1/thumb2/libgcc.a(_aeabi_uldivmod.o)
 .debug_aranges
                0x00001980       0x20 /Users/alexanderryan/Programming/SmartMouse/MapleCode/arm/bin/../lib/gcc/arm-none-eabi/4.4.1/thumb2/libgcc.a(_fixdfdi.o)
 .debug_aranges
                0x000019a0       0x20 /Users/alexanderryan/Programming/SmartMouse/MapleCode/arm/bin/../lib/gcc/arm-none-eabi/4.4.1/thumb2/libgcc.a(_fixunsdfdi.o)
 .debug_aranges
                0x000019c0       0x20 /Users/alexanderryan/Programming/SmartMouse/MapleCode/arm/bin/../lib/gcc/arm-none-eabi/4.4.1/thumb2/libgcc.a(bpabi.o)
 .debug_aranges
                0x000019e0       0x20 /Users/alexanderryan/Programming/SmartMouse/MapleCode/arm/bin/../lib/gcc/arm-none-eabi/4.4.1/thumb2/libgcc.a(_dvmd_tls.o)
 .debug_aranges
                0x00001a00       0x20 /Users/alexanderryan/Programming/SmartMouse/MapleCode/arm/bin/../lib/gcc/arm-none-eabi/4.4.1/thumb2/libgcc.a(_arm_fixunsdfsi.o)
 .debug_aranges
                0x00001a20       0x20 /Users/alexanderryan/Programming/SmartMouse/MapleCode/arm/bin/../lib/gcc/arm-none-eabi/4.4.1/thumb2/libgcc.a(_divdi3.o)
 .debug_aranges
                0x00001a40       0x20 /Users/alexanderryan/Programming/SmartMouse/MapleCode/arm/bin/../lib/gcc/arm-none-eabi/4.4.1/thumb2/libgcc.a(_udivdi3.o)
 .debug_aranges
                0x00001a60       0x20 /Users/alexanderryan/Programming/SmartMouse/MapleCode/arm/bin/../lib/gcc/arm-none-eabi/4.4.1/thumb2/libgcc.a(_udivsi3.o)
 .debug_aranges
                0x00001a80       0x20 /Users/alexanderryan/Programming/SmartMouse/MapleCode/arm/bin/../lib/gcc/arm-none-eabi/4.4.1/thumb2/libgcc.a(_divsi3.o)
 .debug_aranges
                0x00001aa0       0x28 /Users/alexanderryan/Programming/SmartMouse/MapleCode/arm/bin/../lib/gcc/arm-none-eabi/4.4.1/thumb2/crtn.o

.debug_pubnames
                0x00000000     0x3790
 *(.debug_pubnames)
 .debug_pubnames
                0x00000000       0x9d build/../../libmaple/libmaple/adc.o
 .debug_pubnames
                0x0000009d       0x77 build/../../libmaple/libmaple/bkp.o
 .debug_pubnames
                0x00000114       0x74 build/../../libmaple/libmaple/dac.o
 .debug_pubnames
                0x00000188      0x212 build/../../libmaple/libmaple/dma.o
 .debug_pubnames
                0x0000039a       0xbc build/../../libmaple/libmaple/exti.o
 .debug_pubnames
                0x00000456       0x42 build/../../libmaple/libmaple/flash.o
 .debug_pubnames
                0x00000498       0x2b build/../../libmaple/libmaple/fsmc.o
 .debug_pubnames
                0x000004c3      0x102 build/../../libmaple/libmaple/gpio.o
 .debug_pubnames
                0x000005c5       0x2e build/../../libmaple/libmaple/iwdg.o
 .debug_pubnames
                0x000005f3       0x67 build/../../libmaple/libmaple/nvic.o
 .debug_pubnames
                0x0000065a       0x1f build/../../libmaple/libmaple/pwr.o
 .debug_pubnames
                0x00000679       0xb5 build/../../libmaple/libmaple/i2c.o
 .debug_pubnames
                0x0000072e       0x6e build/../../libmaple/libmaple/rcc.o
 .debug_pubnames
                0x0000079c      0x120 build/../../libmaple/libmaple/spi.o
 .debug_pubnames
                0x000008bc       0x9b build/../../libmaple/libmaple/syscalls.o
 .debug_pubnames
                0x00000957       0x92 build/../../libmaple/libmaple/systick.o
 .debug_pubnames
                0x000009e9      0x1dc build/../../libmaple/libmaple/timer.o
 .debug_pubnames
                0x00000bc5      0x122 build/../../libmaple/libmaple/usart.o
 .debug_pubnames
                0x00000ce7       0x66 build/../../libmaple/libmaple/util.o
 .debug_pubnames
                0x00000d4d       0xdb build/../../libmaple/libmaple/usb/usb.o
 .debug_pubnames
                0x00000e28       0x54 build/../../libmaple/libmaple/usb/usb_reg_map.o
 .debug_pubnames
                0x00000e7c      0x293 build/../../libmaple/libmaple/usb/usb_cdcacm.o
 .debug_pubnames
                0x0000110f      0x1a5 build/../../libmaple/libmaple/usb/usb_lib/usb_core.o
 .debug_pubnames
                0x000012b4       0x98 build/../../libmaple/libmaple/usb/usb_lib/usb_init.o
 .debug_pubnames
                0x0000134c       0x42 build/../../libmaple/libmaple/usb/usb_lib/usb_mem.o
 .debug_pubnames
                0x0000138e      0x419 build/../../libmaple/libmaple/usb/usb_lib/usb_regs.o
 .debug_pubnames
                0x000017a7       0x37 build/../../libmaple/wirish/wirish_math.o
 .debug_pubnames
                0x000017de      0x1dc build/../../libmaple/wirish/Print.o
 .debug_pubnames
                0x000019ba       0x2c build/../../libmaple/wirish/boards.o
 .debug_pubnames
                0x000019e6       0x60 build/../../libmaple/wirish/boards/maple_RET6.o
 .debug_pubnames
                0x00001a46      0x12a build/../../libmaple/wirish/comm/HardwareSerial.o
 .debug_pubnames
                0x00001b70      0x1df build/../../libmaple/wirish/comm/HardwareSPI.o
 .debug_pubnames
                0x00001d4f      0x274 build/../../libmaple/wirish/HardwareTimer.o
 .debug_pubnames
                0x00001fc3      0x169 build/../../libmaple/wirish/usb_serial.o
 .debug_pubnames
                0x0000212c       0x29 build/../../libmaple/wirish/cxxabi-compat.o
 .debug_pubnames
                0x00002155       0x1f build/../../libmaple/wirish/wirish_shift.o
 .debug_pubnames
                0x00002174       0x21 build/../../libmaple/wirish/wirish_analog.o
 .debug_pubnames
                0x00002195       0x32 build/../../libmaple/wirish/wirish_time.o
 .debug_pubnames
                0x000021c7       0x1f build/../../libmaple/wirish/pwm.o
 .debug_pubnames
                0x000021e6       0x3a build/../../libmaple/wirish/ext_interrupts.o
 .debug_pubnames
                0x00002220       0x78 build/../../libmaple/wirish/wirish_digital.o
 .debug_pubnames
                0x00002298       0xdd build/../../libmaple/libraries/Servo/Servo.o
 .debug_pubnames
                0x00002375      0x3d8 build/../../libmaple/libraries/LiquidCrystal/LiquidCrystal.o
 .debug_pubnames
                0x0000274d      0x230 build/../../libmaple/libraries/Wire/Wire.o
 .debug_pubnames
                0x0000297d       0x96 build/../../libmaple/libraries/FreeRTOS/utility/croutine.o
 .debug_pubnames
                0x00002a13       0x64 build/../../libmaple/libraries/FreeRTOS/utility/heap_2.o
 .debug_pubnames
                0x00002a77       0x71 build/../../libmaple/libraries/FreeRTOS/utility/list.o
 .debug_pubnames
                0x00002ae8      0x101 build/../../libmaple/libraries/FreeRTOS/utility/port.o
 .debug_pubnames
                0x00002be9      0x183 build/../../libmaple/libraries/FreeRTOS/utility/queue.o
 .debug_pubnames
                0x00002d6c      0x2c0 build/../../libmaple/libraries/FreeRTOS/utility/tasks.o
 .debug_pubnames
                0x0000302c       0x34 build/../../libmaple/libraries/FreeRTOS/MapleFreeRTOS.o
 .debug_pubnames
                0x00003060       0x22 build/IO.o
 .debug_pubnames
                0x00003082      0x2b2 build/Infrareds.o
 .debug_pubnames
                0x00003334       0x23 build/Sensors.o
 .debug_pubnames
                0x00003357      0x1ff build/Ultrasonics.o
 .debug_pubnames
                0x00003556       0xac build/main.o
 .debug_pubnames
                0x00003602       0xa0 build/DriveControl.o
 .debug_pubnames
                0x000036a2       0x27 build/MiceSensors.o
 .debug_pubnames
                0x000036c9       0x20 /Users/alexanderryan/Programming/SmartMouse/MapleCode/arm/bin/../lib/gcc/arm-none-eabi/4.4.1/thumb2/libgcc.a(_fixdfdi.o)
 .debug_pubnames
                0x000036e9       0x23 /Users/alexanderryan/Programming/SmartMouse/MapleCode/arm/bin/../lib/gcc/arm-none-eabi/4.4.1/thumb2/libgcc.a(_fixunsdfdi.o)
 .debug_pubnames
                0x0000370c       0x45 /Users/alexanderryan/Programming/SmartMouse/MapleCode/arm/bin/../lib/gcc/arm-none-eabi/4.4.1/thumb2/libgcc.a(bpabi.o)
 .debug_pubnames
                0x00003751       0x1f /Users/alexanderryan/Programming/SmartMouse/MapleCode/arm/bin/../lib/gcc/arm-none-eabi/4.4.1/thumb2/libgcc.a(_divdi3.o)
 .debug_pubnames
                0x00003770       0x20 /Users/alexanderryan/Programming/SmartMouse/MapleCode/arm/bin/../lib/gcc/arm-none-eabi/4.4.1/thumb2/libgcc.a(_udivdi3.o)

.debug_info     0x00000000    0x202d0
 *(.debug_info .gnu.linkonce.wi.*)
 .debug_info    0x00000000       0x8f /Users/alexanderryan/Programming/SmartMouse/MapleCode/arm/bin/../lib/gcc/arm-none-eabi/4.4.1/thumb2/crti.o
 .debug_info    0x0000008f      0x6c3 build/../../libmaple/libmaple/adc.o
 .debug_info    0x00000752      0x650 build/../../libmaple/libmaple/bkp.o
 .debug_info    0x00000da2      0x4fa build/../../libmaple/libmaple/dac.o
 .debug_info    0x0000129c      0xfce build/../../libmaple/libmaple/dma.o
 .debug_info    0x0000226a      0x839 build/../../libmaple/libmaple/exti.o
 .debug_info    0x00002aa3      0x1a8 build/../../libmaple/libmaple/flash.o
 .debug_info    0x00002c4b      0x318 build/../../libmaple/libmaple/fsmc.o
 .debug_info    0x00002f63      0x6f2 build/../../libmaple/libmaple/gpio.o
 .debug_info    0x00003655      0x14a build/../../libmaple/libmaple/iwdg.o
 .debug_info    0x0000379f      0x51a build/../../libmaple/libmaple/nvic.o
 .debug_info    0x00003cb9      0x179 build/../../libmaple/libmaple/pwr.o
 .debug_info    0x00003e32      0xf9b build/../../libmaple/libmaple/i2c.o
 .debug_info    0x00004dcd      0x6b7 build/../../libmaple/libmaple/rcc.o
 .debug_info    0x00005484      0xb86 build/../../libmaple/libmaple/spi.o
 .debug_info    0x0000600a      0x550 build/../../libmaple/libmaple/syscalls.o
 .debug_info    0x0000655a      0x16b build/../../libmaple/libmaple/systick.o
 .debug_info    0x000066c5     0x1421 build/../../libmaple/libmaple/timer.o
 .debug_info    0x00007ae6      0xcec build/../../libmaple/libmaple/usart.o
 .debug_info    0x000087d2      0xc6a build/../../libmaple/libmaple/util.o
 .debug_info    0x0000943c      0xb4b build/../../libmaple/libmaple/usb/usb.o